         w __deregister_frame_info
         w __register_frame_info
         w userAppExit
         w userAppInit
00000000 00000802 B __ctru_dev_utf16_buf
00000000 a shift
00000000 a shift
00000000 A __sync_synchronize
00000000 b _TLS_MODULE_BASE_
00000804 00000401 B __ctru_dev_path_buf
00100000 A __start__
00100000 T _start
00100008 T __service_ptr
0010000c T __apt_appid
00100010 T __heap_size
00100014 T __linear_heap_size
00100018 T __system_arglist
0010001c T __system_runflags
00100020 t startup
00100058 t ClearMem
0010006c t ClrLoop
00100094 T _init
001000ac T __aeabi_uidiv
001000ac 000001ec T __udivsi3
001000ac t .udivsi3_skip_div0_test
00100298 00000020 T __aeabi_uidivmod
001002b8 T __aeabi_idiv
001002b8 00000220 T __divsi3
001002c0 t .divsi3_skip_div0_test
001004d8 00000020 T __aeabi_idivmod
001004f8 00000004 W __aeabi_idiv0
001004f8 00000004 W __aeabi_ldiv0
00100508 00000390 T strcmp
00100890 t __do_global_dtors_aux
001008e0 t frame_dummy
0010090c 00000014 T removeLinesCommand
00100920 000000a8 T registerLineTouch
001009c8 00000168 T getColor
00100b30 0000008c T drawSquare
00100bbc 000000b4 T drawText
00100c70 000000a0 T _mount_command
00100d10 000000b4 T store_button_command
00100dc4 00000098 T clear_button_commands
00100e5c 0000001c T setAlgo
00100e78 000000dc T checkTouchClick
00100f54 000000b8 T checkButtonClick
0010100c 000001b8 T AlgoChoice
001011c4 000001ec T LinesSpace
001013b0 000001dc T main
0010158c 00000044 t C2Di_FrameEndHook
001015d0 0000036c T C2D_Init
0010193c 0000004c T C2D_Fini
00101988 000000b8 T C2D_Prepare
00101a40 00000048 T C2D_Flush
00101a88 00000104 T C2D_SceneSize
00101b8c 00000058 T C2D_CreateScreenTarget
00101be4 00000064 T C2D_TargetClear
00101c48 00000058 T C2Di_AppendQuad
00101ca0 00000040 T C2Di_AppendVtx
00101ce0 00000550 T C2Di_Update
00102230 000001dc T C2D_DrawLine
0010240c 00000158 T C2D_DrawRectangle
00102564 00000018 t C2Di_GlyphComp
0010257c 00000140 t C2Di_CalcLineWidths
001026bc 000001dc T C2D_TextBufNew
00102898 000001c8 T C2D_TextFontParseLine
00102a60 000000a8 T C2D_TextFontParse
00102b08 00000014 T C2D_TextParse
00102b1c 00000030 T C2D_TextOptimize
00102b4c 00000f6c T C2D_DrawText
00103ab8 00000044 T C2D_FontGlyphIndexFromCodePoint
00103afc 00000078 T C2D_FontCalcGlyphPos
00103b74 00000028 T AttrInfo_Init
00103b9c 00000094 T AttrInfo_AddLoader
00103c30 00000054 T C3D_SetAttrInfo
00103c84 00000080 T C3Di_AttrInfoBind
00103d04 00000004 W C3Di_LightEnvUpdate
00103d08 00000004 W C3Di_LightEnvDirty
00103d0c 000000b4 t C3Di_AptEventHook
00103dc0 00000004 W C3Di_GasUpdate
00103dc4 000001d0 T C3D_Init
00103f94 00000098 T C3D_SetViewport
0010402c 000004e8 T C3Di_UpdateContext
00104514 000000e0 T C3Di_SplitFrame
001045f4 00000044 T C3D_Fini
00104638 00000194 T C3D_BindProgram
001047cc 00000024 T BufInfo_Init
001047f0 00000080 T BufInfo_Add
00104870 0000003c T C3D_SetBufInfo
001048ac 00000048 T C3Di_BufInfoBind
001048f4 0000021c T C3D_DrawElements
00104b10 00000040 T C3D_DepthMap
00104b50 0000001c T C3D_CullFace
00104b6c 00000040 T C3D_StencilTest
00104bac 00000024 T C3D_StencilOp
00104bd0 0000001c T C3D_BlendingColor
00104bec 00000024 T C3D_EarlyDepthTest
00104c10 0000002c T C3D_DepthTest
00104c3c 0000002c T C3D_AlphaTest
00104c68 00000050 T C3D_AlphaBlend
00104cb8 00000030 T C3D_FragOpMode
00104ce8 00000044 T C3D_FragOpShadow
00104d2c 000001ac T C3Di_EffectBind
00104ed8 0000001c T C3D_CalcColorBufSize
00104ef4 0000001c T C3D_CalcDepthBufSize
00104f10 00000044 T C3D_SetFrameBuf
00104f54 0000016c T C3Di_FrameBufBind
001050c0 000000c8 T C3D_FrameBufClear
00105188 00000044 T C3D_FrameBufTransfer
001051cc 000000a8 T C3D_ImmSendAttrib
00105274 00000070 T C3D_ProcTexInit
001052e4 00000054 T C3D_ProcTexBind
00105338 0000005c T C3D_ProcTexLutBind
00105394 000000a4 T ProcTexLut_FromArray
00105438 00000178 T C3Di_ProcTexUpdate
001055b0 00000068 T C3Di_ProcTexDirty
00105618 0000004c t onVBlank0
00105664 0000004c t onVBlank1
001056b0 00000080 t C3Di_RenderTargetDestroy
00105730 000000f4 t onQueueFinish
00105824 00000038 T C3Di_RenderQueueEnableVBlank
0010585c 00000030 T C3Di_RenderQueueDisableVBlank
0010588c 00000060 T C3Di_RenderQueueInit
001058ec 000000b4 T C3Di_RenderQueueExit
001059a0 00000034 T C3Di_RenderQueueWaitDone
001059d4 000000e8 T C3D_FrameBegin
00105abc 00000048 T C3D_FrameDrawOn
00105b04 00000058 T C3D_FrameSplit
00105b5c 000001d0 T C3D_FrameEnd
00105d2c 0000001c T C3D_FrameEndHook
00105d48 00000170 T C3D_RenderTargetCreate
00105eb8 000000a8 T C3D_RenderTargetSetOutput
00105f60 00000034 T C3D_GetTexEnv
00105f94 00000024 T C3Di_TexEnvBind
00105fb8 00000044 T C3D_TexBind
00105ffc 0000014c T C3Di_SetTex
00106148 00000290 T C3D_UpdateUniforms
001063d8 000000c0 T C3Di_DirtyUniforms
00106498 000000d8 T C3Di_LoadShaderUniforms
00106570 00000028 T C3Di_ClearShaderUniforms
00106598 000000cc T Mtx_Ortho
00106664 000000cc T Mtx_OrthoTilt
00106730 00000024 t addrMapNodeComparator(rbtree_node const*, rbtree_node const*)
00106754 00000004 t addrMapNodeDestructor(rbtree_node*)
00106758 0000012c T linearMemAlign
00106884 00000008 T linearAlloc
0010688c 0000005c T linearFree
001068e8 00000088 T MemPool::CoalesceRight(MemBlock*)
00106970 00000178 T MemPool::Allocate(MemChunk&, unsigned long, int)
00106ae8 00000118 T MemPool::Deallocate(MemChunk const&)
00106c00 00000030 T MemPool::GetFreeSpace()
00106c30 00000024 t addrMapNodeComparator(rbtree_node const*, rbtree_node const*)
00106c54 00000004 t addrMapNodeDestructor(rbtree_node*)
00106c58 00000248 T vramMemAlignAt
00106ea0 0000000c T vramAlloc
00106eac 0000000c T vramAllocAt
00106eb8 00000094 T vramFree
00106f4c 0000009c T fontEnsureMapped
00106fe8 00000100 T fontGlyphIndexFromCodePoint
001070e8 00000214 T fontCalcGlyphPos
001072fc 000000cc t gfxPresentFramebuffer
001073c8 0000001c T gfxIsWide
001073e4 000000f8 T gfxSetScreenFormat
001074dc 000000d8 T gfxInit
001075b4 00000010 T gfxInitDefault
001075c4 000000b8 T gfxExit
0010767c 000000a0 T gfxGetFramebuffer
0010771c 00000028 T gfxScreenSwapBuffers
00107744 00000074 T osConvertVirtToPhys
001077b8 00000034 T __ctru_speedup_config
001077ec 0000013c T GPUCMD_Add
00107928 000000b0 T GPUCMD_Split
001079d8 00000034 T f32tof16
00107a0c 00000034 T f32tof24
00107a40 00000038 T f32tof31
00107a78 00000010 T GX_BindQueue
00107a88 0000007c T GX_ProcessCommandList
00107b04 00000074 T GX_MemoryFill
00107b78 00000074 T GX_DisplayTransfer
00107bec 00000064 t gxCmdQueueDoCommands.part.0
00107c50 000000e4 T gxCmdQueueInterrupt
00107d34 00000068 T gxCmdQueueClear
00107d9c 00000108 T gxCmdQueueAdd
00107ea4 00000080 T gxCmdQueueRun
00107f24 00000064 T gxCmdQueueStop
00107f88 0000008c T gxCmdQueueWait
00108014 000001e0 T shaderInstanceInit
001081f4 00000018 T shaderInstanceGetUniformLocation
0010820c 0000001c T shaderProgramInit
00108228 00000074 T shaderProgramFree
0010829c 00000094 T shaderProgramSetVsh
00108330 000008d0 T shaderProgramConfigure
00108c00 000001dc t DVLE_GenerateOutmap.part.0
00108ddc 000001ac T DVLB_ParseFile
00108f88 00000050 T DVLB_Free
00108fd8 00000074 T DVLE_GetUniformRegister
0010904c 00000180 t aptConvertScreenForCapture
001091cc 00000008 W aptDspSleep
001091d4 00000004 W aptDspWakeup
001091d8 00000004 W aptDspCancel
001091dc 00000138 T aptSendCommand
00109318 00000044 t aptExitProcess
0010935c 00000394 T aptExit
001096f0 000000d8 T aptHandleSleep
001097c8 00000034 T aptHook
001097fc 00000030 T aptUnhook
0010982c 00000084 T APT_SleepIfShellClosed
001098b0 00000078 T aptSetSleepAllowed
00109928 00000084 T APT_UnlockTransition
001099b0 00000470 t aptEventHandler
00109e20 000000bc T APT_ReceiveParameter
00109edc 000000b0 t aptReceiveParameter.constprop.0
00109f90 00000294 t aptScreenTransfer
0010a224 000002d0 t aptWaitForWakeUp.isra.0
0010a4f4 000000f4 T aptJumpToHomeMenu
0010a5e8 00000058 T aptMainLoop
0010a640 00000240 T aptInit
0010a880 00000090 T APT_CheckNew3DS
0010a910 00000048 T APT_GetSharedFont
0010a958 00000104 T fsInit
0010aa5c 0000003c T fsExit
0010aa98 00000068 T fsExemptFromSession
0010ab00 00000050 T fsUnexemptFromSession
0010ab50 000000cc T FSUSER_OpenFile
0010ac1c 000000b8 T FSUSER_DeleteFile
0010acd4 000000f4 T FSUSER_RenameFile
0010adc8 000000b8 T FSUSER_DeleteDirectory
0010ae80 000000d0 T FSUSER_CreateFile
0010af50 000000c0 T FSUSER_CreateDirectory
0010b010 000000f4 T FSUSER_RenameDirectory
0010b104 000000b4 T FSUSER_OpenDirectory
0010b1b8 00000090 T FSUSER_OpenArchive
0010b248 0000008c T FSUSER_CloseArchive
0010b2d4 00000074 T FSUSER_GetSdmcArchiveResource
0010b348 00000064 T FSUSER_IsSdmcWritable
0010b3ac 00000064 T FSFILE_Read
0010b410 0000006c T FSFILE_Write
0010b47c 00000044 T FSFILE_GetSize
0010b4c0 00000028 T FSFILE_SetSize
0010b4e8 0000003c T FSFILE_Close
0010b524 00000024 T FSFILE_Flush
0010b548 00000060 T FSDIR_Read
0010b5a8 0000003c T FSDIR_Close
0010b5e4 00000c70 t gspHardwareInit
0010c254 00000280 T gspInit
0010c4d4 00000110 T gspExit
0010c5e4 00000010 T gspHasGpuRight
0010c5f4 000000a4 T gspPresentBuffer
0010c698 00000030 T gspSetEventCallback
0010c6c8 00000050 T gspWaitForEvent
0010c718 0000004c T gspWaitForAnyEvent
0010c764 00000154 t gspEventThreadMain
0010c8b8 0000012c T gspSubmitGxCommand
0010c9e4 00000050 T GSPGPU_FlushDataCache
0010ca34 00000034 T GSPGPU_SetLcdForceBlack
0010ca68 00000080 T GSPGPU_AcquireRight
0010cae8 0000005c T GSPGPU_ReleaseRight
0010cb44 0000007c T GSPGPU_ImportDisplayCaptureInfo
0010cbc0 0000002c T GSPGPU_SaveVramSysArea
0010cbec 0000002c T GSPGPU_RestoreVramSysArea
0010cc18 00000024 W hidShouldUseIrrst
0010cc3c 000001cc T hidInit
0010ce08 000000e8 T hidExit
0010cef0 000002a0 T hidScanInput
0010d190 00000010 T hidKeysHeld
0010d1a0 00000010 T hidKeysDown
0010d1b0 00000018 T hidTouchRead
0010d1c8 000001a4 T irrstInit
0010d36c 000000dc T irrstExit
0010d448 000000b4 T irrstScanInput
0010d4fc 00000024 T irrstKeysHeld
0010d520 00000078 T ptmSysmInit
0010d598 0000003c T ptmSysmExit
0010d5d4 00000034 T PTMSYSM_ConfigureNew3DSCPU
0010d608 00000074 T rbtree_find
0010d67c 00000010 T rbtree_init
0010d68c 00000198 t do_insert
0010d824 00000008 T rbtree_insert
0010d82c 00000310 T rbtree_remove
0010db3c 00000090 T rbtree_rotate
0010dbcc 00000140 T decode_utf8
0010dd0c 000000e8 T utf16_to_utf8
0010ddf4 000000c0 T utf8_to_utf16
0010deb8 000001e8 W __system_allocateHeaps
0010e0a0 00000038 W __libctru_init
0010e0d8 0000016c W __system_initArgv
0010e244 00000030 T __syscall_getreent
0010e274 00000004 T __syscall_lock_acquire_recursive
0010e278 00000004 T __syscall_lock_release_recursive
0010e27c 00000004 T __syscall_exit
0010e280 00000054 T initThreadVars
0010e2d4 00000080 T __system_initSyscalls
0010e354 T svcControlMemory
0010e374 T svcQueryMemory
0010e3a4 T svcExitProcess
0010e3ac T svcCreateThread
0010e3cc T svcExitThread
0010e3d4 T svcSleepThread
0010e3dc T svcReleaseMutex
0010e3e4 T svcCreateEvent
0010e3f8 T svcSignalEvent
0010e400 T svcClearEvent
0010e408 T svcMapMemoryBlock
0010e410 T svcUnmapMemoryBlock
0010e418 T svcCreateAddressArbiter
0010e42c T svcArbitrateAddressNoTimeout
0010e434 T svcCloseHandle
0010e43c T svcWaitSynchronization
0010e444 T svcWaitSynchronizationN
0010e46c T svcDuplicateHandle
0010e480 T svcGetSystemTick
0010e488 T svcConnectToPort
0010e49c T svcSendSyncRequest
0010e4a4 T svcGetResourceLimit
0010e4b8 T svcGetResourceLimitLimitValues
0010e4c0 T svcGetResourceLimitCurrentValues
0010e4c8 T svcBreak
0010e4d0 T __aeabi_read_tp
0010e4dc W initSystem
0010e52c W __ctru_exit
0010e540 0000008c W envGetHandle
0010e5cc 00000050 W envDestroyHandles
0010e61c 00000164 T srvInit
0010e780 00000064 T srvExit
0010e7e4 00000060 T srvEnableNotification
0010e844 000000a0 T srvGetServiceHandleDirect
0010e8e4 00000048 T srvGetServiceHandle
0010e92c 00000034 T srvSubscribe
0010e960 00000060 T srvReceiveNotification
0010e9c0 00000038 T srvPublishToSubscriber
0010e9f8 0000000c T __sync_init
0010ea04 00000018 T __sync_fini
0010ea1c 00000028 T syncArbitrateAddress
0010ea44 000000ac T LightLock_Lock
0010eaf0 00000040 T LightLock_Unlock
0010eb30 00000054 T RecursiveLock_Lock
0010eb84 00000054 T RecursiveLock_Unlock
0010ebd8 00000044 T LightEvent_Init
0010ec1c 000000b8 T LightEvent_Clear
0010ecd4 000000dc T LightEvent_Signal
0010edb0 00000050 T LightEvent_TryWait
0010ee00 000000ac T LightEvent_Wait
0010eeac 000001fc T threadCreate
0010f0a8 00000038 T threadFree
0010f0e0 00000024 T threadJoin
0010f104 00000030 T threadGetCurrent
0010f134 00000040 T threadExit
0010f174 00000020 t _thread_begin
0010f194 00000090 t mappableFindAddressWithin
0010f224 00000028 T mappableInit
0010f24c 0000007c T mappableAlloc
0010f2c8 00000004 T mappableFree
0010f2cc 0000000c T srvPmGetSessionHandle
0010f2d8 00000060 T rbtree_node_next
0010f338 00000054 T decode_utf16
0010f38c 00000054 T encode_utf16
0010f3e0 000000e0 T encode_utf8
0010f4c0 00000030 W __appExit
0010f4f0 00000030 W __appInit
0010f520 00000090 W __libctru_exit
0010f5b0 00000014 t archive_link
0010f5c4 00000014 t archive_dirreset
0010f5d8 00000014 t archive_chmod
0010f5ec 00000024 t error_cmp
0010f610 00000050 t archive_translate_error
0010f660 000000c0 t archive_seek
0010f720 00000078 t _archiveInit.part.0
0010f798 000000d4 t archiveFindDevice.part.0
0010f86c 00000298 t archive_utf16path
0010fb04 00000098 t _archiveUnmountDeviceStruct.part.0
0010fb9c 00000014 t archive_statvfs
0010fbb0 00000014 t archive_fchmod
0010fbc4 00000178 t _archiveMountDevice
0010fd3c 000000f8 t archive_diropen
0010fe34 000000ac t archive_fstat
0010fee0 00000074 t archive_fsync
0010ff54 00000074 t archive_close
0010ffc8 00000078 t archive_dirclose
00110040 000000ec t sdmc_statvfs
0011012c 000000f8 t archive_chdir
00110224 0000008c t archive_ftruncate
001102b0 000000bc t archive_read
0011036c 000000a8 t archive_unlink
00110414 000000c0 t archive_rmdir
001104d4 000000d8 t archive_mkdir
001105ac 000001a0 t archive_stat
0011074c 00000164 t archive_dirnext
001108b0 0000013c t archive_write
001109f0 00000254 t archive_open
00110c44 00000270 t archive_rename
00110eb4 000001c8 T archiveMountSdmc
0011107c 00000054 T archiveUnmountAll
001110d0 00000050 T sqrtf
00111120 000000c0 T ceilf
001111e0 00000008 T __ieee754_sqrtf
001111e8 000000d8 T strncmp
001112c0 00000140 T strchr
00111400 0000008c T strlen
0011148c 000001ec t _strtoul_l.isra.0
00111678 0000003c T strtoul
001116b4 00000084 T __libc_init_array
00111738 0000009c T strncat
001117d4 00000078 T bsearch
0011184c 0000000c T __errno
00111858 00000028 T calloc
00111880 000008e8 T qsort
00112168 000000d8 T _calloc_r
00112240 00000020 T strdup
00112260 00000028 T memalign
00112288 0000082c T _malloc_r
00112ab4 00000114 T _malloc_trim_r
00112bc8 00000314 T _free_r
00112edc 0000003c T strnlen
00112f18 00000040 T malloc
00112f58 00000020 T free
00112f78 000000e4 T memset
0011305c 00000054 T _strdup_r
001130b0 0000000c T __malloc_lock
001130bc 0000000c T __malloc_unlock
001130c8 00000004 W __call_exitprocs
001130cc 00000030 T exit
001130fc 000000d4 T strncpy
001131d0 0000012c T memcpy
001132fc 0000016c T _memalign_r
00113468 0000003c T __libc_fini_array
001134a4 00000020 T _exit
001134c4 00000140 T chdir
00113604 000001c8 T _concatenate_path
001137cc 0000002c T __getreent
001137f8 00000008 t null_write
00113800 00000018 T setDefaultDevice
00113818 000000c4 T FindDevice
001138dc 00000028 T RemoveDevice
00113904 00000098 T AddDevice
0011399c 00000020 T GetDeviceOpTab
001139bc 00000078 W _sbrk_r
00113a34 0000001c T __libc_lock_acquire_recursive
00113a50 0000001c T __libc_lock_release_recursive
00113a6c 00000048 T strrchr
00113ab4 T _fini
00114594 R render2d_shbin
00114720 R render2d_shbin_end
00114720 R render2d_shbin_size
00114724 00000004 r depthFmtSizes
00114728 00000005 r colorFmtSizes
00114730 00000010 r CSWTCH.11
00114768 00000008 r morton_y.2
00114770 00000008 r morton_x.3
00114778 00000008 r s_sleepWakeEvents.4
00114780 0000000c r serviceNameTable.5
0011478c 00000030 r error_table
001147bc 00000080 r archive_devoptab
0011483c 00000101 R _ctype_
00114940 00000080 R dotab_stdnull
001149c0 R __tdata_align
001149c4 r __EH_FRAME_BEGIN__
001149c4 R __exidx_end
001149c4 R __exidx_start
00115000 00000008 d framerateCounter
00115008 00000004 d framerate
0011500c 00000004 d queueLock
00115010 00000004 d aptChainloadDeliverArgSize
00115014 00000004 d kCount
00115018 00000004 d kInterval
0011501c 00000004 d kDelay
00115020 W __stacksize__
00115024 00000004 D __malloc_sbrk_base
00115028 00000004 D __malloc_trim_threshold
00115030 00000408 D __malloc_av_
00115438 00000004 D _impure_ptr
00115440 00000140 D _impure_data
00115580 00000400 d _current_working_directory
00115980 0000008c D devoptab_list
00115a0c 00000004 d defaultDevice
00115a18 d _GLOBAL_OFFSET_TABLE_
00115a24 d __frame_dummy_init_array_entry
00115a24 D __init_array_start
00115a24 B __preinit_array_end
00115a24 B __preinit_array_start
00115a24 D __tdata_lma
00115a24 D __tdata_lma_end
00115a28 d __do_global_dtors_aux_fini_array_entry
00115a28 D __fini_array_start
00115a28 D __init_array_end
00115a2c D __bss_start__
00115a2c D __fini_array_end
00115a2c 00000640 B lines
0011606c 00000010 B tmpLine
0011607c 00000004 b touch
00116080 00000004 B lastLineIndex
00116084 00000001 b selectedScreen
00116088 00000004 b stored_button_count
0011608c 00000960 b stored_button_commands
001169ec 00000004 b stored_touch_count
001169f0 00000af0 b stored_touch_commands
001174e0 00000004 B algo
001174e4 00000001 B commandsValid
001174e5 00000001 b cursorBot
001174e6 b completed.1
001174e8 b object.0
00117500 000005a8 B __C2Di_Context
00117aa8 00000040 b s_projBot
00117ae8 00000040 b s_projTop
00117b28 00000004 b uLoc_mdlvMtx
00117b2c 00000004 b uLoc_projMtx
00117b30 00000004 b s_glyphSheets
00117b34 00000004 b s_textScale
00117b38 0000000c b hookCookie
00117b48 000002d0 B __C3D_Context
00117e18 00000004 b frameEndCbData
00117e1c 00000004 b frameEndCb
00117e20 00000008 b frameCounter
00117e28 00000001 b isTopStereo
00117e29 00000001 b needSwapBot
00117e2a 00000001 b needSwapTop
00117e2b 00000001 b measureGpuTime
00117e2c 00000001 b inSafeTransfer
00117e2d 00000001 b inFrame
00117e30 00000010 b cpuTime
00117e40 00000010 b gpuTime
00117e50 0000000c b linkedTarget
00117e5c 00000004 b lastTarget
00117e60 00000004 b firstTarget
00117e64 00000008 b C3Di_IVUnifEverDirty
00117e6c 000000c0 b C3Di_FVUnifEverDirty
00117f2c 00000018 b C3Di_ShaderFVecData
00117f44 00000002 B C3D_BoolUnifsDirty
00117f48 00000008 B C3D_IVUnifDirty
00117f50 000000c0 B C3D_FVUnifDirty
00118010 00000004 B C3D_BoolUnifs
00118014 00000020 B C3D_IVUnif
00118034 00000c00 B C3D_FVUnif
00118c38 00000008 b sLinearPool
00118c40 0000000c b sAddrMap
00118c50 00000008 b sVramPoolB
00118c58 00000008 b sVramPoolA
00118c60 0000000c b sAddrMap
00118c6c 00000004 b sharedFontAddr
00118c70 00000004 B g_sharedFont
00118c74 00000004 b screenAlloc
00118c78 00000004 b screenFree
00118c7c 00000002 b gfxIsDoubleBuf
00118c80 00000002 b gfxCurBuf
00118c82 00000001 b gfxIsVram
00118c83 00000001 b gfxTopMode
00118c84 00000002 b gfxFramebufferFormats
00118c88 00000004 b gfxBottomFramebufferMaxSize
00118c8c 00000004 b gfxTopFramebufferMaxSize
00118c90 00000008 b gfxBottomFramebuffers
00118c98 00000008 b gfxTopFramebuffers
00118ca0 00000001 V __ctru_speedup
00118ca4 00000004 B gpuCmdBufOffset
00118ca8 00000004 B gpuCmdBufSize
00118cac 00000004 B gpuCmdBuf
00118cb0 00000004 b boundQueue
00118cb4 00000001 b shouldStop
00118cb5 00000001 b isRunning
00118cb6 00000001 b isActive
00118cb8 00000004 b curQueue
00118cbc 00000001 b flagValue.0
00118cbd 00000001 b flagInit.1
00118cc0 00000004 b serviceName.6
00118cc4 00000001 b aptChainloadFlags
00118cc5 00000001 b aptChainloadMediatype
00118cc8 00000020 b aptChainloadHmac
00118ce8 00000300 b aptChainloadDeliverArg
00118fe8 00000008 b aptChainloadTid
00118ff0 00001000 b aptParameters
00119ff0 00000004 b aptFlags
00119ff4 00000001 b aptHomeButtonState
00119ff8 00000004 b aptMessageFuncData
00119ffc 00000004 b aptMessageFunc
0011a000 0000000c b aptFirstHook
0011a00c 00000001 b aptEventHandlerThreadQuit
0011a010 00000004 b aptEventHandlerThread
0011a014 00000008 b aptSleepEvent
0011a01c 00000008 b aptReceiveEvent
0011a024 00000008 b aptEvents
0011a02c 00000004 b aptLockHandle
0011a030 00000004 b aptRefCount
0011a038 00000080 b fsExemptArchives
0011a0b8 00000004 b fsuRefCount
0011a0bc 00000004 b fsuHandle
0011a0c0 00000007 b gspEventCbOneShot
0011a0c8 0000001c b gspEventCbData
0011a0e4 0000001c b gspEventCb
0011a100 00000038 b gspEvents
0011a138 00000004 b gspLastEvent
0011a13c 00000001 b gspRunEvents
0011a140 00000004 b gspEventThread
0011a144 00000004 b gspEvent
0011a148 00000001 b gspGpuRight
0011a149 00000001 b gspThreadId
0011a14c 00000004 b gspSharedMem
0011a150 00000004 b gspSharedMemHandle
0011a154 00000004 b gspRefCount
0011a158 00000004 b gspGpuHandle
0011a15c 00000001 b usingIrrst
0011a160 00000004 b hidRefCount
0011a164 00000006 b gRate
0011a16c 00000006 b aVec
0011a174 00000004 b cPos
0011a178 00000004 b tPos
0011a17c 00000004 b kRepeat
0011a180 00000004 b kUp
0011a184 00000004 b kDown
0011a188 00000004 b kHeld
0011a18c 00000004 b kOld
0011a190 00000004 B hidSharedMem
0011a194 00000014 B hidEvents
0011a1a8 00000004 B hidMemHandle
0011a1ac 00000004 B hidHandle
0011a1b0 00000004 b irrstRefCount
0011a1b4 00000004 b csPos
0011a1b8 00000004 b kHeld
0011a1bc 00000004 B irrstSharedMem
0011a1c0 00000004 B irrstEvent
0011a1c4 00000004 B irrstMemHandle
0011a1c8 00000004 B irrstHandle
0011a1cc 00000004 b ptmSysmRefCount
0011a1d0 00000004 b ptmSysmHandle
0011a1d4 00000004 V __ctru_linear_heap_size
0011a1d8 00000004 V __ctru_heap_size
0011a1dc 00000004 B __ctru_linear_heap
0011a1e0 00000004 B __ctru_heap
0011a1e4 00000004 B __system_retAddr
0011a1e8 00000004 B __system_argv
0011a1ec 00000004 B __system_argc
0011a1f0 b saved_stack
0011a1f8 00000004 B __3dslink_host
0011a1fc 00000004 b srvRefCount
0011a200 00000004 b srvHandle
0011a204 00000004 b arbiter
0011a208 00000004 b currentAddr
0011a20c 00000004 b maxAddr
0011a210 00000004 b minAddr
0011a214 00000004 b srvPmHandle
0011a218 000005c0 b archive_devices
0011a7d8 00000004 b archive_device_cwd
0011a7dc 00000001 b archive_initialized
0011a7e0 00000168 B __sf
0011a948 00000004 B __stdio_exit_handler
0011a94c 00000028 B __malloc_current_mallinfo
0011a974 00000004 B __malloc_max_total_mem
0011a978 00000004 B __malloc_max_sbrked_mem
0011a97c 00000004 B __malloc_top_pad
0011a980 0000000c b __malloc_recursive_mutex
0011a98c 00000400 b temp_cwd
0011ad8c 00000004 B fake_heap_start
0011ad90 00000004 B fake_heap_end
0011ad94 00000004 b heap_start.0
0011ad98 B __tls_start
0011b9a0 B __bss_end__
0011b9a0 A __end__
0011b9a0 B __tls_end
