Archive member included to satisfy reference by file (symbol)

/opt/devkitpro/libctru/lib/libcitro2d.a(base.o)
                              main.o (C2D_Init)
/opt/devkitpro/libctru/lib/libcitro2d.a(text.o)
                              main.o (C2D_TextBufNew)
/opt/devkitpro/libctru/lib/libcitro2d.a(font.o)
                              /opt/devkitpro/libctru/lib/libcitro2d.a(text.o) (C2D_FontGlyphIndexFromCodePoint)
/opt/devkitpro/libctru/lib/libcitro2d.a(render2d.shbin.o)
                              /opt/devkitpro/libctru/lib/libcitro2d.a(base.o) (render2d_shbin)
/opt/devkitpro/libctru/lib/libcitro3d.a(attribs.o)
                              /opt/devkitpro/libctru/lib/libcitro2d.a(base.o) (AttrInfo_Init)
/opt/devkitpro/libctru/lib/libcitro3d.a(base.o)
                              /opt/devkitpro/libctru/lib/libcitro3d.a(attribs.o) (__C3D_Context)
/opt/devkitpro/libctru/lib/libcitro3d.a(buffers.o)
                              /opt/devkitpro/libctru/lib/libcitro2d.a(base.o) (BufInfo_Init)
/opt/devkitpro/libctru/lib/libcitro3d.a(drawElements.o)
                              /opt/devkitpro/libctru/lib/libcitro2d.a(base.o) (C3D_DrawElements)
/opt/devkitpro/libctru/lib/libcitro3d.a(effect.o)
                              /opt/devkitpro/libctru/lib/libcitro3d.a(base.o) (C3D_DepthMap)
/opt/devkitpro/libctru/lib/libcitro3d.a(framebuffer.o)
                              /opt/devkitpro/libctru/lib/libcitro3d.a(base.o) (C3Di_FrameBufBind)
/opt/devkitpro/libctru/lib/libcitro3d.a(immediate.o)
                              /opt/devkitpro/libctru/lib/libcitro3d.a(base.o) (C3D_ImmSendAttrib)
/opt/devkitpro/libctru/lib/libcitro3d.a(proctex.o)
                              /opt/devkitpro/libctru/lib/libcitro2d.a(base.o) (C3D_ProcTexInit)
/opt/devkitpro/libctru/lib/libcitro3d.a(renderqueue.o)
                              /opt/devkitpro/libctru/lib/libcitro3d.a(base.o) (C3Di_RenderQueueEnableVBlank)
/opt/devkitpro/libctru/lib/libcitro3d.a(texenv.o)
                              /opt/devkitpro/libctru/lib/libcitro2d.a(base.o) (C3D_GetTexEnv)
/opt/devkitpro/libctru/lib/libcitro3d.a(texture.o)
                              /opt/devkitpro/libctru/lib/libcitro2d.a(base.o) (C3D_TexBind)
/opt/devkitpro/libctru/lib/libcitro3d.a(uniforms.o)
                              /opt/devkitpro/libctru/lib/libcitro3d.a(base.o) (C3D_UpdateUniforms)
/opt/devkitpro/libctru/lib/libcitro3d.a(mtx_multiply.o)
                              /opt/devkitpro/libctru/lib/libcitro2d.a(base.o) (Mtx_Multiply)
/opt/devkitpro/libctru/lib/libcitro3d.a(mtx_ortho.o)
                              /opt/devkitpro/libctru/lib/libcitro2d.a(base.o) (Mtx_Ortho)
/opt/devkitpro/libctru/lib/libcitro3d.a(mtx_orthotilt.o)
                              /opt/devkitpro/libctru/lib/libcitro2d.a(base.o) (Mtx_OrthoTilt)
/opt/devkitpro/libctru/lib/libcitro3d.a(mtx_rotatez.o)
                              /opt/devkitpro/libctru/lib/libcitro2d.a(base.o) (Mtx_RotateZ)
/opt/devkitpro/libctru/lib/libcitro3d.a(mtx_scale.o)
                              /opt/devkitpro/libctru/lib/libcitro2d.a(base.o) (Mtx_Scale)
/opt/devkitpro/libctru/lib/libcitro3d.a(mtx_translate.o)
                              /opt/devkitpro/libctru/lib/libcitro2d.a(base.o) (Mtx_Translate)
/opt/devkitpro/libctru/lib/libctru.a(linear.o)
                              /opt/devkitpro/libctru/lib/libcitro2d.a(base.o) (linearAlloc)
/opt/devkitpro/libctru/lib/libctru.a(mem_pool.o)
                              /opt/devkitpro/libctru/lib/libctru.a(linear.o) (_ZN7MemPool8AllocateER8MemChunkmi)
/opt/devkitpro/libctru/lib/libctru.a(vram.o)
                              /opt/devkitpro/libctru/lib/libcitro3d.a(renderqueue.o) (vramAlloc)
/opt/devkitpro/libctru/lib/libctru.a(font.o)
                              /opt/devkitpro/libctru/lib/libcitro2d.a(text.o) (fontEnsureMapped)
/opt/devkitpro/libctru/lib/libctru.a(gfx.o)
                              /opt/devkitpro/libctru/lib/libcitro2d.a(base.o) (gfxIsWide)
/opt/devkitpro/libctru/lib/libctru.a(os.o)
                              /opt/devkitpro/libctru/lib/libcitro3d.a(buffers.o) (osConvertVirtToPhys)
/opt/devkitpro/libctru/lib/libctru.a(romfs_dev.o)
                              /opt/devkitpro/libctru/lib/libcitro2d.a(font.o) (romfsMountFromTitle)
/opt/devkitpro/libctru/lib/libctru.a(gpu.o)
                              /opt/devkitpro/libctru/lib/libcitro3d.a(renderqueue.o) (gpuCmdBuf)
/opt/devkitpro/libctru/lib/libctru.a(gx.o)
                              /opt/devkitpro/libctru/lib/libcitro3d.a(renderqueue.o) (GX_BindQueue)
/opt/devkitpro/libctru/lib/libctru.a(gxqueue.o)
                              /opt/devkitpro/libctru/lib/libcitro3d.a(renderqueue.o) (gxCmdQueueClear)
/opt/devkitpro/libctru/lib/libctru.a(shaderProgram.o)
                              /opt/devkitpro/libctru/lib/libcitro2d.a(base.o) (shaderInstanceGetUniformLocation)
/opt/devkitpro/libctru/lib/libctru.a(shbin.o)
                              /opt/devkitpro/libctru/lib/libcitro2d.a(base.o) (DVLB_ParseFile)
[...]
Memory Configuration

Name             Origin             Length             Attributes
*default*        0x00000000         0xffffffff

Linker script and memory map

                0x00000000                        __sync_synchronize = __sync_synchronize_dmb
                0x00100000                        PROVIDE (__start__ = 0x100000)
                0x00100000                        . = __start__

.text           0x00100000    0x13acc
 *(.crt0)
 .crt0          0x00100000       0x94 /opt/devkitpro/devkitARM/lib/gcc/arm-none-eabi/15.2.0/../../../../arm-none-eabi/lib/armv6k/fpu/3dsx_crt0.o
                0x00100000                _start
                0x00100008                __service_ptr
                0x0010000c                __apt_appid
                0x00100010                __heap_size
                0x00100014                __linear_heap_size
                0x00100018                __system_arglist
                0x0010001c                __system_runflags
 *(.init)
 .init          0x00100094        0xc /opt/devkitpro/devkitARM/lib/gcc/arm-none-eabi/15.2.0/armv6k/fpu/crti.o
                0x00100094                _init
 .init          0x001000a0        0xc /opt/devkitpro/devkitARM/lib/gcc/arm-none-eabi/15.2.0/armv6k/fpu/crtn.o
                0x001000ac                        . = ALIGN (0x4)
 *(.text)
 .text          0x001000ac      0x20c /opt/devkitpro/devkitARM/lib/gcc/arm-none-eabi/15.2.0/armv6k/fpu/libgcc.a(_udivsi3.o)
                0x001000ac                __udivsi3
                0x001000ac                __aeabi_uidiv
                0x00100298                __aeabi_uidivmod
 .text          0x001002b8      0x240 /opt/devkitpro/devkitARM/lib/gcc/arm-none-eabi/15.2.0/armv6k/fpu/libgcc.a(_divsi3.o)
                0x001002b8                __aeabi_idiv
                0x001002b8                __divsi3
                0x001004d8                __aeabi_idivmod
 .text          0x001004f8        0x4 /opt/devkitpro/devkitARM/lib/gcc/arm-none-eabi/15.2.0/armv6k/fpu/libgcc.a(_dvmd_tls.o)
                0x001004f8                __aeabi_ldiv0
                0x001004f8                __aeabi_idiv0
 *fill*         0x001004fc        0x4 
 .text          0x00100500      0x390 /opt/devkitpro/devkitARM/lib/gcc/arm-none-eabi/15.2.0/../../../../arm-none-eabi/lib/armv6k/fpu/libg.a(libc_a-strcmp.o)
                0x00100508                strcmp
 *(.text.*)
 .text.__do_global_dtors_aux
                0x00100890       0x50 /opt/devkitpro/devkitARM/lib/gcc/arm-none-eabi/15.2.0/armv6k/fpu/crtbegin.o
 .text.frame_dummy
                0x001008e0       0x2c /opt/devkitpro/devkitARM/lib/gcc/arm-none-eabi/15.2.0/armv6k/fpu/crtbegin.o
 .text.removeLinesCommand
                0x0010090c       0x14 main.o
                0x0010090c                removeLinesCommand
 .text.registerLineTouch
                0x00100920       0xa8 main.o
                0x00100920                registerLineTouch
 .text.getColor
                0x001009c8      0x168 main.o
                0x001009c8                getColor
 .text.drawSquare
                0x00100b30       0x8c main.o
                0x00100b30                drawSquare
 .text.drawText
                0x00100bbc       0xb4 main.o
                0x00100bbc                drawText
 .text._mount_command
                0x00100c70       0xa0 main.o
                0x00100c70                _mount_command
 .text.store_button_command
                0x00100d10       0xb4 main.o
                0x00100d10                store_button_command
 .text.clear_button_commands
                0x00100dc4       0x98 main.o
                0x00100dc4                clear_button_commands
 .text.setAlgo  0x00100e5c       0x1c main.o
                0x00100e5c                setAlgo
 .text.checkTouchClick
                0x00100e78       0xdc main.o
                0x00100e78                checkTouchClick
 .text.checkButtonClick
                0x00100f54       0xb8 main.o
                0x00100f54                checkButtonClick
 .text.AlgoChoice
                0x0010100c      0x1b8 main.o
                0x0010100c                AlgoChoice
 .text.LinesSpace
                0x001011c4      0x1ec main.o
                0x001011c4                LinesSpace
 .text.startup.main
                0x001013b0      0x1dc main.o
                0x001013b0                main
 .text.C2Di_FrameEndHook
                0x0010158c       0x44 /opt/devkitpro/libctru/lib/libcitro2d.a(base.o)
 .text.C2D_Init
                0x001015d0      0x36c /opt/devkitpro/libctru/lib/libcitro2d.a(base.o)
                0x001015d0                C2D_Init
 .text.C2D_Fini
                0x0010193c       0x4c /opt/devkitpro/libctru/lib/libcitro2d.a(base.o)
                0x0010193c                C2D_Fini
 .text.C2D_Prepare
                0x00101988       0xb8 /opt/devkitpro/libctru/lib/libcitro2d.a(base.o)
                0x00101988                C2D_Prepare
 .text.C2D_Flush
                0x00101a40       0x48 /opt/devkitpro/libctru/lib/libcitro2d.a(base.o)
                0x00101a40                C2D_Flush
 .text.C2D_SceneSize
                0x00101a88      0x104 /opt/devkitpro/libctru/lib/libcitro2d.a(base.o)
                0x00101a88                C2D_SceneSize
 .text.C2D_CreateScreenTarget
                0x00101b8c       0x58 /opt/devkitpro/libctru/lib/libcitro2d.a(base.o)
                0x00101b8c                C2D_CreateScreenTarget
 .text.C2D_TargetClear
                0x00101be4       0x64 /opt/devkitpro/libctru/lib/libcitro2d.a(base.o)
                0x00101be4                C2D_TargetClear
 .text.C2Di_AppendQuad
                0x00101c48       0x58 /opt/devkitpro/libctru/lib/libcitro2d.a(base.o)
                0x00101c48                C2Di_AppendQuad
 .text.C2Di_AppendVtx
                0x00101ca0       0x40 /opt/devkitpro/libctru/lib/libcitro2d.a(base.o)
                0x00101ca0                C2Di_AppendVtx
 .text.C2Di_Update
                0x00101ce0      0x550 /opt/devkitpro/libctru/lib/libcitro2d.a(base.o)
                0x00101ce0                C2Di_Update
 .text.C2D_DrawLine
                0x00102230      0x1dc /opt/devkitpro/libctru/lib/libcitro2d.a(base.o)
                0x00102230                C2D_DrawLine
 .text.C2D_DrawRectangle
                0x0010240c      0x158 /opt/devkitpro/libctru/lib/libcitro2d.a(base.o)
                0x0010240c                C2D_DrawRectangle
 .text.C2Di_GlyphComp
                0x00102564       0x18 /opt/devkitpro/libctru/lib/libcitro2d.a(text.o)
 .text.C2Di_CalcLineWidths
                0x0010257c      0x140 /opt/devkitpro/libctru/lib/libcitro2d.a(text.o)
 .text.C2D_TextBufNew
                0x001026bc      0x1dc /opt/devkitpro/libctru/lib/libcitro2d.a(text.o)
                0x001026bc                C2D_TextBufNew
 .text.C2D_TextFontParseLine
                0x00102898      0x1c8 /opt/devkitpro/libctru/lib/libcitro2d.a(text.o)
                0x00102898                C2D_TextFontParseLine
 .text.C2D_TextFontParse
                0x00102a60       0xa8 /opt/devkitpro/libctru/lib/libcitro2d.a(text.o)
                0x00102a60                C2D_TextFontParse
 .text.C2D_TextParse
                0x00102b08       0x14 /opt/devkitpro/libctru/lib/libcitro2d.a(text.o)
                0x00102b08                C2D_TextParse
 .text.C2D_TextOptimize
                0x00102b1c       0x30 /opt/devkitpro/libctru/lib/libcitro2d.a(text.o)
                0x00102b1c                C2D_TextOptimize
 .text.C2D_DrawText
                0x00102b4c      0xf6c /opt/devkitpro/libctru/lib/libcitro2d.a(text.o)
                0x00102b4c                C2D_DrawText
 .text.C2D_FontGlyphIndexFromCodePoint
                0x00103ab8       0x44 /opt/devkitpro/libctru/lib/libcitro2d.a(font.o)
                0x00103ab8                C2D_FontGlyphIndexFromCodePoint
 .text.C2D_FontCalcGlyphPos
                0x00103afc       0x78 /opt/devkitpro/libctru/lib/libcitro2d.a(font.o)
                0x00103afc                C2D_FontCalcGlyphPos
 .text.AttrInfo_Init
                0x00103b74       0x28 /opt/devkitpro/libctru/lib/libcitro3d.a(attribs.o)
                0x00103b74                AttrInfo_Init
 .text.AttrInfo_AddLoader
                0x00103b9c       0x94 /opt/devkitpro/libctru/lib/libcitro3d.a(attribs.o)
                0x00103b9c                AttrInfo_AddLoader
 .text.C3D_SetAttrInfo
                0x00103c30       0x54 /opt/devkitpro/libctru/lib/libcitro3d.a(attribs.o)
                0x00103c30                C3D_SetAttrInfo
 .text.C3Di_AttrInfoBind
                0x00103c84       0x80 /opt/devkitpro/libctru/lib/libcitro3d.a(attribs.o)
                0x00103c84                C3Di_AttrInfoBind
 .text.C3Di_LightEnvUpdate
                0x00103d04        0x4 /opt/devkitpro/libctru/lib/libcitro3d.a(base.o)
                0x00103d04                C3Di_LightEnvUpdate
 .text.C3Di_LightEnvDirty
                0x00103d08        0x4 /opt/devkitpro/libctru/lib/libcitro3d.a(base.o)
                0x00103d08                C3Di_LightEnvDirty
 .text.C3Di_AptEventHook
                0x00103d0c       0xb4 /opt/devkitpro/libctru/lib/libcitro3d.a(base.o)
 .text.C3Di_GasUpdate
                0x00103dc0        0x4 /opt/devkitpro/libctru/lib/libcitro3d.a(base.o)
                0x00103dc0                C3Di_GasUpdate
 .text.C3D_Init
                0x00103dc4      0x1d0 /opt/devkitpro/libctru/lib/libcitro3d.a(base.o)
                0x00103dc4                C3D_Init
 .text.C3D_SetViewport
                0x00103f94       0x98 /opt/devkitpro/libctru/lib/libcitro3d.a(base.o)
                0x00103f94                C3D_SetViewport
 .text.C3Di_UpdateContext
                0x0010402c      0x4e8 /opt/devkitpro/libctru/lib/libcitro3d.a(base.o)
                0x0010402c                C3Di_UpdateContext
 .text.C3Di_SplitFrame
                0x00104514       0xe0 /opt/devkitpro/libctru/lib/libcitro3d.a(base.o)
                0x00104514                C3Di_SplitFrame
 .text.C3D_Fini
                0x001045f4       0x44 /opt/devkitpro/libctru/lib/libcitro3d.a(base.o)
                0x001045f4                C3D_Fini
 .text.C3D_BindProgram
                0x00104638      0x194 /opt/devkitpro/libctru/lib/libcitro3d.a(base.o)
                0x00104638                C3D_BindProgram
 .text.BufInfo_Init
                0x001047cc       0x24 /opt/devkitpro/libctru/lib/libcitro3d.a(buffers.o)
                0x001047cc                BufInfo_Init
 .text.BufInfo_Add
                0x001047f0       0x80 /opt/devkitpro/libctru/lib/libcitro3d.a(buffers.o)
                0x001047f0                BufInfo_Add
 .text.C3D_SetBufInfo
                0x00104870       0x3c /opt/devkitpro/libctru/lib/libcitro3d.a(buffers.o)
                0x00104870                C3D_SetBufInfo
 .text.C3Di_BufInfoBind
                0x001048ac       0x48 /opt/devkitpro/libctru/lib/libcitro3d.a(buffers.o)
                0x001048ac                C3Di_BufInfoBind
 .text.C3D_DrawElements
                0x001048f4      0x21c /opt/devkitpro/libctru/lib/libcitro3d.a(drawElements.o)
                0x001048f4                C3D_DrawElements
 .text.C3D_DepthMap
                0x00104b10       0x40 /opt/devkitpro/libctru/lib/libcitro3d.a(effect.o)
                0x00104b10                C3D_DepthMap
 .text.C3D_CullFace
                0x00104b50       0x1c /opt/devkitpro/libctru/lib/libcitro3d.a(effect.o)
                0x00104b50                C3D_CullFace
 .text.C3D_StencilTest
                0x00104b6c       0x40 /opt/devkitpro/libctru/lib/libcitro3d.a(effect.o)
                0x00104b6c                C3D_StencilTest
 .text.C3D_StencilOp
                0x00104bac       0x24 /opt/devkitpro/libctru/lib/libcitro3d.a(effect.o)
                0x00104bac                C3D_StencilOp
 .text.C3D_BlendingColor
                0x00104bd0       0x1c /opt/devkitpro/libctru/lib/libcitro3d.a(effect.o)
                0x00104bd0                C3D_BlendingColor
 .text.C3D_EarlyDepthTest
                0x00104bec       0x24 /opt/devkitpro/libctru/lib/libcitro3d.a(effect.o)
                0x00104bec                C3D_EarlyDepthTest
 .text.C3D_DepthTest
                0x00104c10       0x2c /opt/devkitpro/libctru/lib/libcitro3d.a(effect.o)
                0x00104c10                C3D_DepthTest
 .text.C3D_AlphaTest
                0x00104c3c       0x2c /opt/devkitpro/libctru/lib/libcitro3d.a(effect.o)
                0x00104c3c                C3D_AlphaTest
 .text.C3D_AlphaBlend
                0x00104c68       0x50 /opt/devkitpro/libctru/lib/libcitro3d.a(effect.o)
                0x00104c68                C3D_AlphaBlend
 .text.C3D_FragOpMode
                0x00104cb8       0x30 /opt/devkitpro/libctru/lib/libcitro3d.a(effect.o)
                0x00104cb8                C3D_FragOpMode
 .text.C3D_FragOpShadow
                0x00104ce8       0x44 /opt/devkitpro/libctru/lib/libcitro3d.a(effect.o)
                0x00104ce8                C3D_FragOpShadow
 .text.C3Di_EffectBind
                0x00104d2c      0x1ac /opt/devkitpro/libctru/lib/libcitro3d.a(effect.o)
                0x00104d2c                C3Di_EffectBind
 .text.C3D_CalcColorBufSize
                0x00104ed8       0x1c /opt/devkitpro/libctru/lib/libcitro3d.a(framebuffer.o)
                0x00104ed8                C3D_CalcColorBufSize
 .text.C3D_CalcDepthBufSize
                0x00104ef4       0x1c /opt/devkitpro/libctru/lib/libcitro3d.a(framebuffer.o)
                0x00104ef4                C3D_CalcDepthBufSize
 .text.C3D_SetFrameBuf
                0x00104f10       0x44 /opt/devkitpro/libctru/lib/libcitro3d.a(framebuffer.o)
                0x00104f10                C3D_SetFrameBuf
 .text.C3Di_FrameBufBind
                0x00104f54      0x16c /opt/devkitpro/libctru/lib/libcitro3d.a(framebuffer.o)
                0x00104f54                C3Di_FrameBufBind
 .text.C3D_FrameBufClear
                0x001050c0       0xc8 /opt/devkitpro/libctru/lib/libcitro3d.a(framebuffer.o)
                0x001050c0                C3D_FrameBufClear
 .text.C3D_FrameBufTransfer
                0x00105188       0x44 /opt/devkitpro/libctru/lib/libcitro3d.a(framebuffer.o)
                0x00105188                C3D_FrameBufTransfer
 .text.C3D_ImmSendAttrib
                0x001051cc       0xa8 /opt/devkitpro/libctru/lib/libcitro3d.a(immediate.o)
                0x001051cc                C3D_ImmSendAttrib
 .text.C3D_ProcTexInit
                0x00105274       0x70 /opt/devkitpro/libctru/lib/libcitro3d.a(proctex.o)
                0x00105274                C3D_ProcTexInit
 .text.C3D_ProcTexBind
                0x001052e4       0x54 /opt/devkitpro/libctru/lib/libcitro3d.a(proctex.o)
                0x001052e4                C3D_ProcTexBind
 .text.C3D_ProcTexLutBind
                0x00105338       0x5c /opt/devkitpro/libctru/lib/libcitro3d.a(proctex.o)
                0x00105338                C3D_ProcTexLutBind
 .text.ProcTexLut_FromArray
                0x00105394       0xa4 /opt/devkitpro/libctru/lib/libcitro3d.a(proctex.o)
                0x00105394                ProcTexLut_FromArray
 .text.C3Di_ProcTexUpdate
                0x00105438      0x178 /opt/devkitpro/libctru/lib/libcitro3d.a(proctex.o)
                0x00105438                C3Di_ProcTexUpdate
 .text.C3Di_ProcTexDirty
                0x001055b0       0x68 /opt/devkitpro/libctru/lib/libcitro3d.a(proctex.o)
                0x001055b0                C3Di_ProcTexDirty
 .text.onVBlank0
                0x00105618       0x4c /opt/devkitpro/libctru/lib/libcitro3d.a(renderqueue.o)
 .text.onVBlank1
                0x00105664       0x4c /opt/devkitpro/libctru/lib/libcitro3d.a(renderqueue.o)
 .text.C3Di_RenderTargetDestroy
                0x001056b0       0x80 /opt/devkitpro/libctru/lib/libcitro3d.a(renderqueue.o)
 .text.onQueueFinish
                0x00105730       0xf4 /opt/devkitpro/libctru/lib/libcitro3d.a(renderqueue.o)
 .text.C3Di_RenderQueueEnableVBlank
                0x00105824       0x38 /opt/devkitpro/libctru/lib/libcitro3d.a(renderqueue.o)
                0x00105824                C3Di_RenderQueueEnableVBlank
 .text.C3Di_RenderQueueDisableVBlank
                0x0010585c       0x30 /opt/devkitpro/libctru/lib/libcitro3d.a(renderqueue.o)
                0x0010585c                C3Di_RenderQueueDisableVBlank
 .text.C3Di_RenderQueueInit
                0x0010588c       0x60 /opt/devkitpro/libctru/lib/libcitro3d.a(renderqueue.o)
                0x0010588c                C3Di_RenderQueueInit
 .text.C3Di_RenderQueueExit
                0x001058ec       0xb4 /opt/devkitpro/libctru/lib/libcitro3d.a(renderqueue.o)
                0x001058ec                C3Di_RenderQueueExit
 .text.C3Di_RenderQueueWaitDone
                0x001059a0       0x34 /opt/devkitpro/libctru/lib/libcitro3d.a(renderqueue.o)
                0x001059a0                C3Di_RenderQueueWaitDone
 .text.C3D_FrameBegin
                0x001059d4       0xe8 /opt/devkitpro/libctru/lib/libcitro3d.a(renderqueue.o)
                0x001059d4                C3D_FrameBegin
 .text.C3D_FrameDrawOn
                0x00105abc       0x48 /opt/devkitpro/libctru/lib/libcitro3d.a(renderqueue.o)
                0x00105abc                C3D_FrameDrawOn
 .text.C3D_FrameSplit
                0x00105b04       0x58 /opt/devkitpro/libctru/lib/libcitro3d.a(renderqueue.o)
                0x00105b04                C3D_FrameSplit
 .text.C3D_FrameEnd
                0x00105b5c      0x1d0 /opt/devkitpro/libctru/lib/libcitro3d.a(renderqueue.o)
                0x00105b5c                C3D_FrameEnd
 .text.C3D_FrameEndHook
                0x00105d2c       0x1c /opt/devkitpro/libctru/lib/libcitro3d.a(renderqueue.o)
                0x00105d2c                C3D_FrameEndHook
 .text.C3D_RenderTargetCreate
                0x00105d48      0x170 /opt/devkitpro/libctru/lib/libcitro3d.a(renderqueue.o)
                0x00105d48                C3D_RenderTargetCreate
 .text.C3D_RenderTargetSetOutput
                0x00105eb8       0xa8 /opt/devkitpro/libctru/lib/libcitro3d.a(renderqueue.o)
                0x00105eb8                C3D_RenderTargetSetOutput
 .text.C3D_GetTexEnv
                0x00105f60       0x34 /opt/devkitpro/libctru/lib/libcitro3d.a(texenv.o)
                0x00105f60                C3D_GetTexEnv
 .text.C3Di_TexEnvBind
                0x00105f94       0x24 /opt/devkitpro/libctru/lib/libcitro3d.a(texenv.o)
                0x00105f94                C3Di_TexEnvBind
 .text.C3D_TexBind
                0x00105fb8       0x44 /opt/devkitpro/libctru/lib/libcitro3d.a(texture.o)
                0x00105fb8                C3D_TexBind
 .text.C3Di_SetTex
                0x00105ffc      0x14c /opt/devkitpro/libctru/lib/libcitro3d.a(texture.o)
                0x00105ffc                C3Di_SetTex
 .text.C3D_UpdateUniforms
                0x00106148      0x290 /opt/devkitpro/libctru/lib/libcitro3d.a(uniforms.o)
                0x00106148                C3D_UpdateUniforms
 .text.C3Di_DirtyUniforms
                0x001063d8       0xc0 /opt/devkitpro/libctru/lib/libcitro3d.a(uniforms.o)
                0x001063d8                C3Di_DirtyUniforms
 .text.C3Di_LoadShaderUniforms
                0x00106498       0xd8 /opt/devkitpro/libctru/lib/libcitro3d.a(uniforms.o)
                0x00106498                C3Di_LoadShaderUniforms
 .text.C3Di_ClearShaderUniforms
                0x00106570       0x28 /opt/devkitpro/libctru/lib/libcitro3d.a(uniforms.o)
                0x00106570                C3Di_ClearShaderUniforms
 .text.Mtx_Ortho
                0x00106598       0xcc /opt/devkitpro/libctru/lib/libcitro3d.a(mtx_ortho.o)
                0x00106598                Mtx_Ortho
 .text.Mtx_OrthoTilt
                0x00106664       0xcc /opt/devkitpro/libctru/lib/libcitro3d.a(mtx_orthotilt.o)
                0x00106664                Mtx_OrthoTilt
 .text._ZL21addrMapNodeComparatorPK11rbtree_nodeS1_
                0x00106730       0x24 /opt/devkitpro/libctru/lib/libctru.a(linear.o)
 .text._ZL21addrMapNodeDestructorP11rbtree_node
                0x00106754        0x4 /opt/devkitpro/libctru/lib/libctru.a(linear.o)
 .text.linearMemAlign
                0x00106758      0x12c /opt/devkitpro/libctru/lib/libctru.a(linear.o)
                0x00106758                linearMemAlign
 .text.linearAlloc
                0x00106884        0x8 /opt/devkitpro/libctru/lib/libctru.a(linear.o)
                0x00106884                linearAlloc
 .text.linearFree
                0x0010688c       0x5c /opt/devkitpro/libctru/lib/libctru.a(linear.o)
                0x0010688c                linearFree
 .text._ZN7MemPool13CoalesceRightEP8MemBlock
                0x001068e8       0x88 /opt/devkitpro/libctru/lib/libctru.a(mem_pool.o)
                0x001068e8                _ZN7MemPool13CoalesceRightEP8MemBlock
 .text._ZN7MemPool8AllocateER8MemChunkmi
                0x00106970      0x178 /opt/devkitpro/libctru/lib/libctru.a(mem_pool.o)
                0x00106970                _ZN7MemPool8AllocateER8MemChunkmi
 .text._ZN7MemPool10DeallocateERK8MemChunk
                0x00106ae8      0x118 /opt/devkitpro/libctru/lib/libctru.a(mem_pool.o)
                0x00106ae8                _ZN7MemPool10DeallocateERK8MemChunk
 .text._ZN7MemPool12GetFreeSpaceEv
                0x00106c00       0x30 /opt/devkitpro/libctru/lib/libctru.a(mem_pool.o)
                0x00106c00                _ZN7MemPool12GetFreeSpaceEv
 .text._ZL21addrMapNodeComparatorPK11rbtree_nodeS1_
                0x00106c30       0x24 /opt/devkitpro/libctru/lib/libctru.a(vram.o)
 .text._ZL21addrMapNodeDestructorP11rbtree_node
                0x00106c54        0x4 /opt/devkitpro/libctru/lib/libctru.a(vram.o)
 .text.vramMemAlignAt
                0x00106c58      0x248 /opt/devkitpro/libctru/lib/libctru.a(vram.o)
                0x00106c58                vramMemAlignAt
 .text.vramAlloc
                0x00106ea0        0xc /opt/devkitpro/libctru/lib/libctru.a(vram.o)
                0x00106ea0                vramAlloc
 .text.vramAllocAt
                0x00106eac        0xc /opt/devkitpro/libctru/lib/libctru.a(vram.o)
                0x00106eac                vramAllocAt
 .text.vramFree
                0x00106eb8       0x94 /opt/devkitpro/libctru/lib/libctru.a(vram.o)
                0x00106eb8                vramFree
 .text.fontEnsureMapped
                0x00106f4c       0x9c /opt/devkitpro/libctru/lib/libctru.a(font.o)
                0x00106f4c                fontEnsureMapped
 .text.fontGlyphIndexFromCodePoint
                0x00106fe8      0x100 /opt/devkitpro/libctru/lib/libctru.a(font.o)
                0x00106fe8                fontGlyphIndexFromCodePoint
 .text.fontCalcGlyphPos
                0x001070e8      0x214 /opt/devkitpro/libctru/lib/libctru.a(font.o)
                0x001070e8                fontCalcGlyphPos
 .text.gfxPresentFramebuffer
                0x001072fc       0xcc /opt/devkitpro/libctru/lib/libctru.a(gfx.o)
 .text.gfxIsWide
                0x001073c8       0x1c /opt/devkitpro/libctru/lib/libctru.a(gfx.o)
                0x001073c8                gfxIsWide
 .text.gfxSetScreenFormat
                0x001073e4       0xf8 /opt/devkitpro/libctru/lib/libctru.a(gfx.o)
                0x001073e4                gfxSetScreenFormat
 .text.gfxInit  0x001074dc       0xd8 /opt/devkitpro/libctru/lib/libctru.a(gfx.o)
                0x001074dc                gfxInit
 .text.gfxInitDefault
                0x001075b4       0x10 /opt/devkitpro/libctru/lib/libctru.a(gfx.o)
                0x001075b4                gfxInitDefault
 .text.gfxExit  0x001075c4       0xb8 /opt/devkitpro/libctru/lib/libctru.a(gfx.o)
                0x001075c4                gfxExit
 .text.gfxGetFramebuffer
                0x0010767c       0xa0 /opt/devkitpro/libctru/lib/libctru.a(gfx.o)
                0x0010767c                gfxGetFramebuffer
 .text.gfxScreenSwapBuffers
                0x0010771c       0x28 /opt/devkitpro/libctru/lib/libctru.a(gfx.o)
                0x0010771c                gfxScreenSwapBuffers
 .text.osConvertVirtToPhys
                0x00107744       0x74 /opt/devkitpro/libctru/lib/libctru.a(os.o)
                0x00107744                osConvertVirtToPhys
 .text.__ctru_speedup_config
                0x001077b8       0x34 /opt/devkitpro/libctru/lib/libctru.a(os.o)
                0x001077b8                __ctru_speedup_config
 .text.GPUCMD_Add
                0x001077ec      0x13c /opt/devkitpro/libctru/lib/libctru.a(gpu.o)
                0x001077ec                GPUCMD_Add
 .text.GPUCMD_Split
                0x00107928       0xb0 /opt/devkitpro/libctru/lib/libctru.a(gpu.o)
                0x00107928                GPUCMD_Split
 .text.f32tof16
                0x001079d8       0x34 /opt/devkitpro/libctru/lib/libctru.a(gpu.o)
                0x001079d8                f32tof16
 .text.f32tof24
                0x00107a0c       0x34 /opt/devkitpro/libctru/lib/libctru.a(gpu.o)
                0x00107a0c                f32tof24
 .text.f32tof31
                0x00107a40       0x38 /opt/devkitpro/libctru/lib/libctru.a(gpu.o)
                0x00107a40                f32tof31
 .text.GX_BindQueue
                0x00107a78       0x10 /opt/devkitpro/libctru/lib/libctru.a(gx.o)
                0x00107a78                GX_BindQueue
 .text.GX_ProcessCommandList
                0x00107a88       0x7c /opt/devkitpro/libctru/lib/libctru.a(gx.o)
                0x00107a88                GX_ProcessCommandList
 .text.GX_MemoryFill
                0x00107b04       0x74 /opt/devkitpro/libctru/lib/libctru.a(gx.o)
                0x00107b04                GX_MemoryFill
 .text.GX_DisplayTransfer
                0x00107b78       0x74 /opt/devkitpro/libctru/lib/libctru.a(gx.o)
                0x00107b78                GX_DisplayTransfer
 .text.gxCmdQueueDoCommands.part.0
                0x00107bec       0x64 /opt/devkitpro/libctru/lib/libctru.a(gxqueue.o)
 .text.gxCmdQueueInterrupt
                0x00107c50       0xe4 /opt/devkitpro/libctru/lib/libctru.a(gxqueue.o)
                0x00107c50                gxCmdQueueInterrupt
 .text.gxCmdQueueClear
                0x00107d34       0x68 /opt/devkitpro/libctru/lib/libctru.a(gxqueue.o)
                0x00107d34                gxCmdQueueClear
 .text.gxCmdQueueAdd
                0x00107d9c      0x108 /opt/devkitpro/libctru/lib/libctru.a(gxqueue.o)
                0x00107d9c                gxCmdQueueAdd
 .text.gxCmdQueueRun
                0x00107ea4       0x80 /opt/devkitpro/libctru/lib/libctru.a(gxqueue.o)
                0x00107ea4                gxCmdQueueRun
 .text.gxCmdQueueStop
                0x00107f24       0x64 /opt/devkitpro/libctru/lib/libctru.a(gxqueue.o)
                0x00107f24                gxCmdQueueStop
 .text.gxCmdQueueWait
                0x00107f88       0x8c /opt/devkitpro/libctru/lib/libctru.a(gxqueue.o)
                0x00107f88                gxCmdQueueWait
 .text.shaderInstanceInit
                0x00108014      0x1e0 /opt/devkitpro/libctru/lib/libctru.a(shaderProgram.o)
                0x00108014                shaderInstanceInit
 .text.shaderInstanceGetUniformLocation
                0x001081f4       0x18 /opt/devkitpro/libctru/lib/libctru.a(shaderProgram.o)
                0x001081f4                shaderInstanceGetUniformLocation
 .text.shaderProgramInit
                0x0010820c       0x1c /opt/devkitpro/libctru/lib/libctru.a(shaderProgram.o)
                0x0010820c                shaderProgramInit
 .text.shaderProgramFree
                0x00108228       0x74 /opt/devkitpro/libctru/lib/libctru.a(shaderProgram.o)
                0x00108228                shaderProgramFree
 .text.shaderProgramSetVsh
                0x0010829c       0x94 /opt/devkitpro/libctru/lib/libctru.a(shaderProgram.o)
                0x0010829c                shaderProgramSetVsh
 .text.shaderProgramConfigure
                0x00108330      0x8d0 /opt/devkitpro/libctru/lib/libctru.a(shaderProgram.o)
                0x00108330                shaderProgramConfigure
 .text.DVLE_GenerateOutmap.part.0
                0x00108c00      0x1dc /opt/devkitpro/libctru/lib/libctru.a(shbin.o)
 .text.DVLB_ParseFile
                0x00108ddc      0x1ac /opt/devkitpro/libctru/lib/libctru.a(shbin.o)
                0x00108ddc                DVLB_ParseFile
 .text.DVLB_Free
                0x00108f88       0x50 /opt/devkitpro/libctru/lib/libctru.a(shbin.o)
                0x00108f88                DVLB_Free
 .text.DVLE_GetUniformRegister
                0x00108fd8       0x74 /opt/devkitpro/libctru/lib/libctru.a(shbin.o)
                0x00108fd8                DVLE_GetUniformRegister
 .text.aptConvertScreenForCapture
                0x0010904c      0x180 /opt/devkitpro/libctru/lib/libctru.a(apt.o)
 .text.aptDspSleep
                0x001091cc        0x8 /opt/devkitpro/libctru/lib/libctru.a(apt.o)
                0x001091cc                aptDspSleep
 .text.aptDspWakeup
                0x001091d4        0x4 /opt/devkitpro/libctru/lib/libctru.a(apt.o)
                0x001091d4                aptDspWakeup
 .text.aptDspCancel
                0x001091d8        0x4 /opt/devkitpro/libctru/lib/libctru.a(apt.o)
                0x001091d8                aptDspCancel
 .text.aptSendCommand
                0x001091dc      0x138 /opt/devkitpro/libctru/lib/libctru.a(apt.o)
                0x001091dc                aptSendCommand
 *fill*         0x00109314        0x4 
 .text.aptExitProcess
                0x00109318       0x44 /opt/devkitpro/libctru/lib/libctru.a(apt.o)
 .text.aptExit  0x0010935c      0x394 /opt/devkitpro/libctru/lib/libctru.a(apt.o)
                0x0010935c                aptExit
 .text.aptHandleSleep
                0x001096f0       0xd8 /opt/devkitpro/libctru/lib/libctru.a(apt.o)
                0x001096f0                aptHandleSleep
 .text.aptHook  0x001097c8       0x34 /opt/devkitpro/libctru/lib/libctru.a(apt.o)
                0x001097c8                aptHook
 .text.aptUnhook
                0x001097fc       0x30 /opt/devkitpro/libctru/lib/libctru.a(apt.o)
                0x001097fc                aptUnhook
 .text.APT_SleepIfShellClosed
                0x0010982c       0x84 /opt/devkitpro/libctru/lib/libctru.a(apt.o)
                0x0010982c                APT_SleepIfShellClosed
 .text.aptSetSleepAllowed
                0x001098b0       0x78 /opt/devkitpro/libctru/lib/libctru.a(apt.o)
                0x001098b0                aptSetSleepAllowed
 .text.APT_UnlockTransition
                0x00109928       0x84 /opt/devkitpro/libctru/lib/libctru.a(apt.o)
                0x00109928                APT_UnlockTransition
 *fill*         0x001099ac        0x4 
 .text.aptEventHandler
                0x001099b0      0x470 /opt/devkitpro/libctru/lib/libctru.a(apt.o)
 .text.APT_ReceiveParameter
                0x00109e20       0xbc /opt/devkitpro/libctru/lib/libctru.a(apt.o)
                0x00109e20                APT_ReceiveParameter
 .text.aptReceiveParameter.constprop.0
                0x00109edc       0xb0 /opt/devkitpro/libctru/lib/libctru.a(apt.o)
 *fill*         0x00109f8c        0x4 
 .text.aptScreenTransfer
                0x00109f90      0x294 /opt/devkitpro/libctru/lib/libctru.a(apt.o)
 .text.aptWaitForWakeUp.isra.0
                0x0010a224      0x2d0 /opt/devkitpro/libctru/lib/libctru.a(apt.o)
 .text.aptJumpToHomeMenu
                0x0010a4f4       0xf4 /opt/devkitpro/libctru/lib/libctru.a(apt.o)
                0x0010a4f4                aptJumpToHomeMenu
 .text.aptMainLoop
                0x0010a5e8       0x58 /opt/devkitpro/libctru/lib/libctru.a(apt.o)
                0x0010a5e8                aptMainLoop
 .text.aptInit  0x0010a640      0x240 /opt/devkitpro/libctru/lib/libctru.a(apt.o)
                0x0010a640                aptInit
 .text.APT_CheckNew3DS
                0x0010a880       0x90 /opt/devkitpro/libctru/lib/libctru.a(apt.o)
                0x0010a880                APT_CheckNew3DS
 .text.APT_GetSharedFont
                0x0010a910       0x48 /opt/devkitpro/libctru/lib/libctru.a(apt.o)
                0x0010a910                APT_GetSharedFont
 .text.fsInit   0x0010a958      0x104 /opt/devkitpro/libctru/lib/libctru.a(fs.o)
                0x0010a958                fsInit
 .text.fsExit   0x0010aa5c       0x3c /opt/devkitpro/libctru/lib/libctru.a(fs.o)
                0x0010aa5c                fsExit
 .text.fsExemptFromSession
                0x0010aa98       0x68 /opt/devkitpro/libctru/lib/libctru.a(fs.o)
                0x0010aa98                fsExemptFromSession
 .text.fsUnexemptFromSession
                0x0010ab00       0x50 /opt/devkitpro/libctru/lib/libctru.a(fs.o)
                0x0010ab00                fsUnexemptFromSession
 .text.FSUSER_OpenFile
                0x0010ab50       0xcc /opt/devkitpro/libctru/lib/libctru.a(fs.o)
                0x0010ab50                FSUSER_OpenFile
 .text.FSUSER_DeleteFile
                0x0010ac1c       0xb8 /opt/devkitpro/libctru/lib/libctru.a(fs.o)
                0x0010ac1c                FSUSER_DeleteFile
 .text.FSUSER_RenameFile
                0x0010acd4       0xf4 /opt/devkitpro/libctru/lib/libctru.a(fs.o)
                0x0010acd4                FSUSER_RenameFile
 .text.FSUSER_DeleteDirectory
                0x0010adc8       0xb8 /opt/devkitpro/libctru/lib/libctru.a(fs.o)
                0x0010adc8                FSUSER_DeleteDirectory
 .text.FSUSER_CreateFile
                0x0010ae80       0xd0 /opt/devkitpro/libctru/lib/libctru.a(fs.o)
                0x0010ae80                FSUSER_CreateFile
 .text.FSUSER_CreateDirectory
                0x0010af50       0xc0 /opt/devkitpro/libctru/lib/libctru.a(fs.o)
                0x0010af50                FSUSER_CreateDirectory
 .text.FSUSER_RenameDirectory
                0x0010b010       0xf4 /opt/devkitpro/libctru/lib/libctru.a(fs.o)
                0x0010b010                FSUSER_RenameDirectory
 .text.FSUSER_OpenDirectory
                0x0010b104       0xb4 /opt/devkitpro/libctru/lib/libctru.a(fs.o)
                0x0010b104                FSUSER_OpenDirectory
 .text.FSUSER_OpenArchive
                0x0010b1b8       0x90 /opt/devkitpro/libctru/lib/libctru.a(fs.o)
                0x0010b1b8                FSUSER_OpenArchive
 .text.FSUSER_CloseArchive
                0x0010b248       0x8c /opt/devkitpro/libctru/lib/libctru.a(fs.o)
                0x0010b248                FSUSER_CloseArchive
 .text.FSUSER_GetSdmcArchiveResource
                0x0010b2d4       0x74 /opt/devkitpro/libctru/lib/libctru.a(fs.o)
                0x0010b2d4                FSUSER_GetSdmcArchiveResource
 .text.FSUSER_IsSdmcWritable
                0x0010b348       0x64 /opt/devkitpro/libctru/lib/libctru.a(fs.o)
                0x0010b348                FSUSER_IsSdmcWritable
 .text.FSFILE_Read
                0x0010b3ac       0x64 /opt/devkitpro/libctru/lib/libctru.a(fs.o)
                0x0010b3ac                FSFILE_Read
 .text.FSFILE_Write
                0x0010b410       0x6c /opt/devkitpro/libctru/lib/libctru.a(fs.o)
                0x0010b410                FSFILE_Write
 .text.FSFILE_GetSize
                0x0010b47c       0x44 /opt/devkitpro/libctru/lib/libctru.a(fs.o)
                0x0010b47c                FSFILE_GetSize
 .text.FSFILE_SetSize
                0x0010b4c0       0x28 /opt/devkitpro/libctru/lib/libctru.a(fs.o)
                0x0010b4c0                FSFILE_SetSize
 .text.FSFILE_Close
                0x0010b4e8       0x3c /opt/devkitpro/libctru/lib/libctru.a(fs.o)
                0x0010b4e8                FSFILE_Close
 .text.FSFILE_Flush
                0x0010b524       0x24 /opt/devkitpro/libctru/lib/libctru.a(fs.o)
                0x0010b524                FSFILE_Flush
 .text.FSDIR_Read
                0x0010b548       0x60 /opt/devkitpro/libctru/lib/libctru.a(fs.o)
                0x0010b548                FSDIR_Read
 .text.FSDIR_Close
                0x0010b5a8       0x3c /opt/devkitpro/libctru/lib/libctru.a(fs.o)
                0x0010b5a8                FSDIR_Close
 .text.gspHardwareInit
                0x0010b5e4      0xc70 /opt/devkitpro/libctru/lib/libctru.a(gspgpu.o)
 .text.gspInit  0x0010c254      0x280 /opt/devkitpro/libctru/lib/libctru.a(gspgpu.o)
                0x0010c254                gspInit
 .text.gspExit  0x0010c4d4      0x110 /opt/devkitpro/libctru/lib/libctru.a(gspgpu.o)
                0x0010c4d4                gspExit
 .text.gspHasGpuRight
                0x0010c5e4       0x10 /opt/devkitpro/libctru/lib/libctru.a(gspgpu.o)
                0x0010c5e4                gspHasGpuRight
 .text.gspPresentBuffer
                0x0010c5f4       0xa4 /opt/devkitpro/libctru/lib/libctru.a(gspgpu.o)
                0x0010c5f4                gspPresentBuffer
 .text.gspSetEventCallback
                0x0010c698       0x30 /opt/devkitpro/libctru/lib/libctru.a(gspgpu.o)
                0x0010c698                gspSetEventCallback
 .text.gspWaitForEvent
                0x0010c6c8       0x50 /opt/devkitpro/libctru/lib/libctru.a(gspgpu.o)
                0x0010c6c8                gspWaitForEvent
 .text.gspWaitForAnyEvent
                0x0010c718       0x4c /opt/devkitpro/libctru/lib/libctru.a(gspgpu.o)
                0x0010c718                gspWaitForAnyEvent
 .text.gspEventThreadMain
                0x0010c764      0x154 /opt/devkitpro/libctru/lib/libctru.a(gspgpu.o)
 .text.gspSubmitGxCommand
                0x0010c8b8      0x12c /opt/devkitpro/libctru/lib/libctru.a(gspgpu.o)
                0x0010c8b8                gspSubmitGxCommand
 .text.GSPGPU_FlushDataCache
                0x0010c9e4       0x50 /opt/devkitpro/libctru/lib/libctru.a(gspgpu.o)
                0x0010c9e4                GSPGPU_FlushDataCache
 .text.GSPGPU_SetLcdForceBlack
                0x0010ca34       0x34 /opt/devkitpro/libctru/lib/libctru.a(gspgpu.o)
                0x0010ca34                GSPGPU_SetLcdForceBlack
 .text.GSPGPU_AcquireRight
                0x0010ca68       0x80 /opt/devkitpro/libctru/lib/libctru.a(gspgpu.o)
                0x0010ca68                GSPGPU_AcquireRight
 .text.GSPGPU_ReleaseRight
                0x0010cae8       0x5c /opt/devkitpro/libctru/lib/libctru.a(gspgpu.o)
                0x0010cae8                GSPGPU_ReleaseRight
 .text.GSPGPU_ImportDisplayCaptureInfo
                0x0010cb44       0x7c /opt/devkitpro/libctru/lib/libctru.a(gspgpu.o)
                0x0010cb44                GSPGPU_ImportDisplayCaptureInfo
 .text.GSPGPU_SaveVramSysArea
                0x0010cbc0       0x2c /opt/devkitpro/libctru/lib/libctru.a(gspgpu.o)
                0x0010cbc0                GSPGPU_SaveVramSysArea
 .text.GSPGPU_RestoreVramSysArea
                0x0010cbec       0x2c /opt/devkitpro/libctru/lib/libctru.a(gspgpu.o)
                0x0010cbec                GSPGPU_RestoreVramSysArea
 .text.hidShouldUseIrrst
                0x0010cc18       0x24 /opt/devkitpro/libctru/lib/libctru.a(hid.o)
                0x0010cc18                hidShouldUseIrrst
 .text.hidInit  0x0010cc3c      0x1cc /opt/devkitpro/libctru/lib/libctru.a(hid.o)
                0x0010cc3c                hidInit
 .text.hidExit  0x0010ce08       0xe8 /opt/devkitpro/libctru/lib/libctru.a(hid.o)
                0x0010ce08                hidExit
 .text.hidScanInput
                0x0010cef0      0x2a0 /opt/devkitpro/libctru/lib/libctru.a(hid.o)
                0x0010cef0                hidScanInput
 .text.hidKeysHeld
                0x0010d190       0x10 /opt/devkitpro/libctru/lib/libctru.a(hid.o)
                0x0010d190                hidKeysHeld
 .text.hidKeysDown
                0x0010d1a0       0x10 /opt/devkitpro/libctru/lib/libctru.a(hid.o)
                0x0010d1a0                hidKeysDown
 .text.hidTouchRead
                0x0010d1b0       0x18 /opt/devkitpro/libctru/lib/libctru.a(hid.o)
                0x0010d1b0                hidTouchRead
 .text.irrstInit
                0x0010d1c8      0x1a4 /opt/devkitpro/libctru/lib/libctru.a(irrst.o)
                0x0010d1c8                irrstInit
 .text.irrstExit
                0x0010d36c       0xdc /opt/devkitpro/libctru/lib/libctru.a(irrst.o)
                0x0010d36c                irrstExit
 .text.irrstScanInput
                0x0010d448       0xb4 /opt/devkitpro/libctru/lib/libctru.a(irrst.o)
                0x0010d448                irrstScanInput
 .text.irrstKeysHeld
                0x0010d4fc       0x24 /opt/devkitpro/libctru/lib/libctru.a(irrst.o)
                0x0010d4fc                irrstKeysHeld
 .text.ptmSysmInit
                0x0010d520       0x78 /opt/devkitpro/libctru/lib/libctru.a(ptmsysm.o)
                0x0010d520                ptmSysmInit
 .text.ptmSysmExit
                0x0010d598       0x3c /opt/devkitpro/libctru/lib/libctru.a(ptmsysm.o)
                0x0010d598                ptmSysmExit
 .text.PTMSYSM_ConfigureNew3DSCPU
                0x0010d5d4       0x34 /opt/devkitpro/libctru/lib/libctru.a(ptmsysm.o)
                0x0010d5d4                PTMSYSM_ConfigureNew3DSCPU
 .text.rbtree_find
                0x0010d608       0x74 /opt/devkitpro/libctru/lib/libctru.a(rbtree_find.o)
                0x0010d608                rbtree_find
 .text.rbtree_init
                0x0010d67c       0x10 /opt/devkitpro/libctru/lib/libctru.a(rbtree_init.o)
                0x0010d67c                rbtree_init
 .text.do_insert
                0x0010d68c      0x198 /opt/devkitpro/libctru/lib/libctru.a(rbtree_insert.o)
 .text.rbtree_insert
                0x0010d824        0x8 /opt/devkitpro/libctru/lib/libctru.a(rbtree_insert.o)
                0x0010d824                rbtree_insert
 .text.rbtree_remove
                0x0010d82c      0x310 /opt/devkitpro/libctru/lib/libctru.a(rbtree_remove.o)
                0x0010d82c                rbtree_remove
 .text.rbtree_rotate
                0x0010db3c       0x90 /opt/devkitpro/libctru/lib/libctru.a(rbtree_rotate.o)
                0x0010db3c                rbtree_rotate
 .text.decode_utf8
                0x0010dbcc      0x140 /opt/devkitpro/libctru/lib/libctru.a(decode_utf8.o)
                0x0010dbcc                decode_utf8
 .text.utf16_to_utf8
                0x0010dd0c       0xe8 /opt/devkitpro/libctru/lib/libctru.a(utf16_to_utf8.o)
                0x0010dd0c                utf16_to_utf8
 .text.utf8_to_utf16
                0x0010ddf4       0xc0 /opt/devkitpro/libctru/lib/libctru.a(utf8_to_utf16.o)
                0x0010ddf4                utf8_to_utf16
 *fill*         0x0010deb4        0x4 
 .text.__system_allocateHeaps
                0x0010deb8      0x1e8 /opt/devkitpro/libctru/lib/libctru.a(allocateHeaps.o)
                0x0010deb8                __system_allocateHeaps
 .text.__libctru_init
                0x0010e0a0       0x38 /opt/devkitpro/libctru/lib/libctru.a(ctru_init.o)
                0x0010e0a0                __libctru_init
 .text.__system_initArgv
                0x0010e0d8      0x16c /opt/devkitpro/libctru/lib/libctru.a(initArgv.o)
                0x0010e0d8                __system_initArgv
 .text.__syscall_getreent
                0x0010e244       0x30 /opt/devkitpro/libctru/lib/libctru.a(syscalls.o)
                0x0010e244                __syscall_getreent
 .text.__syscall_lock_acquire_recursive
                0x0010e274        0x4 /opt/devkitpro/libctru/lib/libctru.a(syscalls.o)
                0x0010e274                __syscall_lock_acquire_recursive
 .text.__syscall_lock_release_recursive
                0x0010e278        0x4 /opt/devkitpro/libctru/lib/libctru.a(syscalls.o)
                0x0010e278                __syscall_lock_release_recursive
 .text.__syscall_exit
                0x0010e27c        0x4 /opt/devkitpro/libctru/lib/libctru.a(syscalls.o)
                0x0010e27c                __syscall_exit
 .text.initThreadVars
                0x0010e280       0x54 /opt/devkitpro/libctru/lib/libctru.a(syscalls.o)
                0x0010e280                initThreadVars
 .text.__system_initSyscalls
                0x0010e2d4       0x80 /opt/devkitpro/libctru/lib/libctru.a(syscalls.o)
                0x0010e2d4                __system_initSyscalls
 .text.svcControlMemory
                0x0010e354       0x20 /opt/devkitpro/libctru/lib/libctru.a(svc.o)
                0x0010e354                svcControlMemory
 .text.svcQueryMemory
                0x0010e374       0x30 /opt/devkitpro/libctru/lib/libctru.a(svc.o)
                0x0010e374                svcQueryMemory
 .text.svcExitProcess
                0x0010e3a4        0x8 /opt/devkitpro/libctru/lib/libctru.a(svc.o)
                0x0010e3a4                svcExitProcess
 .text.svcCreateThread
                0x0010e3ac       0x20 /opt/devkitpro/libctru/lib/libctru.a(svc.o)
                0x0010e3ac                svcCreateThread
 .text.svcExitThread
                0x0010e3cc        0x8 /opt/devkitpro/libctru/lib/libctru.a(svc.o)
                0x0010e3cc                svcExitThread
 .text.svcSleepThread
                0x0010e3d4        0x8 /opt/devkitpro/libctru/lib/libctru.a(svc.o)
                0x0010e3d4                svcSleepThread
 .text.svcReleaseMutex
                0x0010e3dc        0x8 /opt/devkitpro/libctru/lib/libctru.a(svc.o)
                0x0010e3dc                svcReleaseMutex
 .text.svcCreateEvent
                0x0010e3e4       0x14 /opt/devkitpro/libctru/lib/libctru.a(svc.o)
                0x0010e3e4                svcCreateEvent
 .text.svcSignalEvent
                0x0010e3f8        0x8 /opt/devkitpro/libctru/lib/libctru.a(svc.o)
                0x0010e3f8                svcSignalEvent
 .text.svcClearEvent
                0x0010e400        0x8 /opt/devkitpro/libctru/lib/libctru.a(svc.o)
                0x0010e400                svcClearEvent
 .text.svcMapMemoryBlock
                0x0010e408        0x8 /opt/devkitpro/libctru/lib/libctru.a(svc.o)
                0x0010e408                svcMapMemoryBlock
 .text.svcUnmapMemoryBlock
                0x0010e410        0x8 /opt/devkitpro/libctru/lib/libctru.a(svc.o)
                0x0010e410                svcUnmapMemoryBlock
 .text.svcCreateAddressArbiter
                0x0010e418       0x14 /opt/devkitpro/libctru/lib/libctru.a(svc.o)
                0x0010e418                svcCreateAddressArbiter
 .text.svcArbitrateAddressNoTimeout
                0x0010e42c        0x8 /opt/devkitpro/libctru/lib/libctru.a(svc.o)
                0x0010e42c                svcArbitrateAddressNoTimeout
 .text.svcCloseHandle
                0x0010e434        0x8 /opt/devkitpro/libctru/lib/libctru.a(svc.o)
                0x0010e434                svcCloseHandle
 .text.svcWaitSynchronization
                0x0010e43c        0x8 /opt/devkitpro/libctru/lib/libctru.a(svc.o)
                0x0010e43c                svcWaitSynchronization
 .text.svcWaitSynchronizationN
                0x0010e444       0x28 /opt/devkitpro/libctru/lib/libctru.a(svc.o)
                0x0010e444                svcWaitSynchronizationN
 .text.svcDuplicateHandle
                0x0010e46c       0x14 /opt/devkitpro/libctru/lib/libctru.a(svc.o)
                0x0010e46c                svcDuplicateHandle
 .text.svcGetSystemTick
                0x0010e480        0x8 /opt/devkitpro/libctru/lib/libctru.a(svc.o)
                0x0010e480                svcGetSystemTick
 .text.svcConnectToPort
                0x0010e488       0x14 /opt/devkitpro/libctru/lib/libctru.a(svc.o)
                0x0010e488                svcConnectToPort
 .text.svcSendSyncRequest
                0x0010e49c        0x8 /opt/devkitpro/libctru/lib/libctru.a(svc.o)
                0x0010e49c                svcSendSyncRequest
 .text.svcGetResourceLimit
                0x0010e4a4       0x14 /opt/devkitpro/libctru/lib/libctru.a(svc.o)
                0x0010e4a4                svcGetResourceLimit
 .text.svcGetResourceLimitLimitValues
                0x0010e4b8        0x8 /opt/devkitpro/libctru/lib/libctru.a(svc.o)
                0x0010e4b8                svcGetResourceLimitLimitValues
 .text.svcGetResourceLimitCurrentValues
                0x0010e4c0        0x8 /opt/devkitpro/libctru/lib/libctru.a(svc.o)
                0x0010e4c0                svcGetResourceLimitCurrentValues
 .text.svcBreak
                0x0010e4c8        0x8 /opt/devkitpro/libctru/lib/libctru.a(svc.o)
                0x0010e4c8                svcBreak
 .text.__aeabi_read_tp
                0x0010e4d0        0xc /opt/devkitpro/libctru/lib/libctru.a(readtp.o)
                0x0010e4d0                __aeabi_read_tp
 .text.initSystem
                0x0010e4dc       0x50 /opt/devkitpro/libctru/lib/libctru.a(stack_adjust.o)
                0x0010e4dc                initSystem
 .text.__ctru_exit
                0x0010e52c       0x14 /opt/devkitpro/libctru/lib/libctru.a(stack_adjust.o)
                0x0010e52c                __ctru_exit
 .text.envGetHandle
                0x0010e540       0x8c /opt/devkitpro/libctru/lib/libctru.a(env.o)
                0x0010e540                envGetHandle
 .text.envDestroyHandles
                0x0010e5cc       0x50 /opt/devkitpro/libctru/lib/libctru.a(env.o)
                0x0010e5cc                envDestroyHandles
 .text.srvInit  0x0010e61c      0x164 /opt/devkitpro/libctru/lib/libctru.a(srv.o)
                0x0010e61c                srvInit
 .text.srvExit  0x0010e780       0x64 /opt/devkitpro/libctru/lib/libctru.a(srv.o)
                0x0010e780                srvExit
 .text.srvEnableNotification
                0x0010e7e4       0x60 /opt/devkitpro/libctru/lib/libctru.a(srv.o)
                0x0010e7e4                srvEnableNotification
 .text.srvGetServiceHandleDirect
                0x0010e844       0xa0 /opt/devkitpro/libctru/lib/libctru.a(srv.o)
                0x0010e844                srvGetServiceHandleDirect
 .text.srvGetServiceHandle
                0x0010e8e4       0x48 /opt/devkitpro/libctru/lib/libctru.a(srv.o)
                0x0010e8e4                srvGetServiceHandle
 .text.srvSubscribe
                0x0010e92c       0x34 /opt/devkitpro/libctru/lib/libctru.a(srv.o)
                0x0010e92c                srvSubscribe
 .text.srvReceiveNotification
                0x0010e960       0x60 /opt/devkitpro/libctru/lib/libctru.a(srv.o)
                0x0010e960                srvReceiveNotification
 .text.srvPublishToSubscriber
                0x0010e9c0       0x38 /opt/devkitpro/libctru/lib/libctru.a(srv.o)
                0x0010e9c0                srvPublishToSubscriber
 .text.__sync_init
                0x0010e9f8        0xc /opt/devkitpro/libctru/lib/libctru.a(synchronization.o)
                0x0010e9f8                __sync_init
 .text.__sync_fini
                0x0010ea04       0x18 /opt/devkitpro/libctru/lib/libctru.a(synchronization.o)
                0x0010ea04                __sync_fini
 .text.syncArbitrateAddress
                0x0010ea1c       0x28 /opt/devkitpro/libctru/lib/libctru.a(synchronization.o)
                0x0010ea1c                syncArbitrateAddress
 .text.LightLock_Lock
                0x0010ea44       0xac /opt/devkitpro/libctru/lib/libctru.a(synchronization.o)
                0x0010ea44                LightLock_Lock
 .text.LightLock_Unlock
                0x0010eaf0       0x40 /opt/devkitpro/libctru/lib/libctru.a(synchronization.o)
                0x0010eaf0                LightLock_Unlock
 .text.RecursiveLock_Lock
                0x0010eb30       0x54 /opt/devkitpro/libctru/lib/libctru.a(synchronization.o)
                0x0010eb30                RecursiveLock_Lock
 .text.RecursiveLock_Unlock
                0x0010eb84       0x54 /opt/devkitpro/libctru/lib/libctru.a(synchronization.o)
                0x0010eb84                RecursiveLock_Unlock
 .text.LightEvent_Init
                0x0010ebd8       0x44 /opt/devkitpro/libctru/lib/libctru.a(synchronization.o)
                0x0010ebd8                LightEvent_Init
 .text.LightEvent_Clear
                0x0010ec1c       0xb8 /opt/devkitpro/libctru/lib/libctru.a(synchronization.o)
                0x0010ec1c                LightEvent_Clear
 .text.LightEvent_Signal
                0x0010ecd4       0xdc /opt/devkitpro/libctru/lib/libctru.a(synchronization.o)
                0x0010ecd4                LightEvent_Signal
 .text.LightEvent_TryWait
                0x0010edb0       0x50 /opt/devkitpro/libctru/lib/libctru.a(synchronization.o)
                0x0010edb0                LightEvent_TryWait
 .text.LightEvent_Wait
                0x0010ee00       0xac /opt/devkitpro/libctru/lib/libctru.a(synchronization.o)
                0x0010ee00                LightEvent_Wait
 .text.threadCreate
                0x0010eeac      0x1fc /opt/devkitpro/libctru/lib/libctru.a(thread.o)
                0x0010eeac                threadCreate
 .text.threadFree
                0x0010f0a8       0x38 /opt/devkitpro/libctru/lib/libctru.a(thread.o)
                0x0010f0a8                threadFree
 .text.threadJoin
                0x0010f0e0       0x24 /opt/devkitpro/libctru/lib/libctru.a(thread.o)
                0x0010f0e0                threadJoin
 .text.threadGetCurrent
                0x0010f104       0x30 /opt/devkitpro/libctru/lib/libctru.a(thread.o)
                0x0010f104                threadGetCurrent
 .text.threadExit
                0x0010f134       0x40 /opt/devkitpro/libctru/lib/libctru.a(thread.o)
                0x0010f134                threadExit
 .text._thread_begin
                0x0010f174       0x20 /opt/devkitpro/libctru/lib/libctru.a(thread.o)
 .text.mappableFindAddressWithin
                0x0010f194       0x90 /opt/devkitpro/libctru/lib/libctru.a(mappable.o)
 .text.mappableInit
                0x0010f224       0x28 /opt/devkitpro/libctru/lib/libctru.a(mappable.o)
                0x0010f224                mappableInit
 .text.mappableAlloc
                0x0010f24c       0x7c /opt/devkitpro/libctru/lib/libctru.a(mappable.o)
                0x0010f24c                mappableAlloc
 .text.mappableFree
                0x0010f2c8        0x4 /opt/devkitpro/libctru/lib/libctru.a(mappable.o)
                0x0010f2c8                mappableFree
 .text.srvPmGetSessionHandle
                0x0010f2cc        0xc /opt/devkitpro/libctru/lib/libctru.a(srvpm.o)
                0x0010f2cc                srvPmGetSessionHandle
 .text.rbtree_node_next
                0x0010f2d8       0x60 /opt/devkitpro/libctru/lib/libctru.a(rbtree_iterator.o)
                0x0010f2d8                rbtree_node_next
 .text.decode_utf16
                0x0010f338       0x54 /opt/devkitpro/libctru/lib/libctru.a(decode_utf16.o)
                0x0010f338                decode_utf16
 .text.encode_utf16
                0x0010f38c       0x54 /opt/devkitpro/libctru/lib/libctru.a(encode_utf16.o)
                0x0010f38c                encode_utf16
 .text.encode_utf8
                0x0010f3e0       0xe0 /opt/devkitpro/libctru/lib/libctru.a(encode_utf8.o)
                0x0010f3e0                encode_utf8
 .text.__appExit
                0x0010f4c0       0x30 /opt/devkitpro/libctru/lib/libctru.a(appExit.o)
                0x0010f4c0                __appExit
 .text.__appInit
                0x0010f4f0       0x30 /opt/devkitpro/libctru/lib/libctru.a(appInit.o)
                0x0010f4f0                __appInit
 .text.__libctru_exit
                0x0010f520       0x90 /opt/devkitpro/libctru/lib/libctru.a(ctru_exit.o)
                0x0010f520                __libctru_exit
 .text.archive_link
                0x0010f5b0       0x14 /opt/devkitpro/libctru/lib/libctru.a(archive_dev.o)
 .text.archive_dirreset
                0x0010f5c4       0x14 /opt/devkitpro/libctru/lib/libctru.a(archive_dev.o)
 .text.archive_chmod
                0x0010f5d8       0x14 /opt/devkitpro/libctru/lib/libctru.a(archive_dev.o)
 .text.error_cmp
                0x0010f5ec       0x24 /opt/devkitpro/libctru/lib/libctru.a(archive_dev.o)
 .text.archive_translate_error
                0x0010f610       0x50 /opt/devkitpro/libctru/lib/libctru.a(archive_dev.o)
 .text.archive_seek
                0x0010f660       0xc0 /opt/devkitpro/libctru/lib/libctru.a(archive_dev.o)
 .text._archiveInit.part.0
                0x0010f720       0x78 /opt/devkitpro/libctru/lib/libctru.a(archive_dev.o)
 .text.archiveFindDevice.part.0
                0x0010f798       0xd4 /opt/devkitpro/libctru/lib/libctru.a(archive_dev.o)
 .text.archive_utf16path
                0x0010f86c      0x298 /opt/devkitpro/libctru/lib/libctru.a(archive_dev.o)
 .text._archiveUnmountDeviceStruct.part.0
                0x0010fb04       0x98 /opt/devkitpro/libctru/lib/libctru.a(archive_dev.o)
 .text.archive_statvfs
                0x0010fb9c       0x14 /opt/devkitpro/libctru/lib/libctru.a(archive_dev.o)
 .text.archive_fchmod
                0x0010fbb0       0x14 /opt/devkitpro/libctru/lib/libctru.a(archive_dev.o)
 .text._archiveMountDevice
                0x0010fbc4      0x178 /opt/devkitpro/libctru/lib/libctru.a(archive_dev.o)
 .text.archive_diropen
                0x0010fd3c       0xf8 /opt/devkitpro/libctru/lib/libctru.a(archive_dev.o)
 .text.archive_fstat
                0x0010fe34       0xac /opt/devkitpro/libctru/lib/libctru.a(archive_dev.o)
 .text.archive_fsync
                0x0010fee0       0x74 /opt/devkitpro/libctru/lib/libctru.a(archive_dev.o)
 .text.archive_close
                0x0010ff54       0x74 /opt/devkitpro/libctru/lib/libctru.a(archive_dev.o)
 .text.archive_dirclose
                0x0010ffc8       0x78 /opt/devkitpro/libctru/lib/libctru.a(archive_dev.o)
 .text.sdmc_statvfs
                0x00110040       0xec /opt/devkitpro/libctru/lib/libctru.a(archive_dev.o)
 .text.archive_chdir
                0x0011012c       0xf8 /opt/devkitpro/libctru/lib/libctru.a(archive_dev.o)
 .text.archive_ftruncate
                0x00110224       0x8c /opt/devkitpro/libctru/lib/libctru.a(archive_dev.o)
 .text.archive_read
                0x001102b0       0xbc /opt/devkitpro/libctru/lib/libctru.a(archive_dev.o)
 .text.archive_unlink
                0x0011036c       0xa8 /opt/devkitpro/libctru/lib/libctru.a(archive_dev.o)
 .text.archive_rmdir
                0x00110414       0xc0 /opt/devkitpro/libctru/lib/libctru.a(archive_dev.o)
 .text.archive_mkdir
                0x001104d4       0xd8 /opt/devkitpro/libctru/lib/libctru.a(archive_dev.o)
 .text.archive_stat
                0x001105ac      0x1a0 /opt/devkitpro/libctru/lib/libctru.a(archive_dev.o)
 .text.archive_dirnext
                0x0011074c      0x164 /opt/devkitpro/libctru/lib/libctru.a(archive_dev.o)
 .text.archive_write
                0x001108b0      0x13c /opt/devkitpro/libctru/lib/libctru.a(archive_dev.o)
 *fill*         0x001109ec        0x4 
 .text.archive_open
                0x001109f0      0x254 /opt/devkitpro/libctru/lib/libctru.a(archive_dev.o)
 .text.archive_rename
                0x00110c44      0x270 /opt/devkitpro/libctru/lib/libctru.a(archive_dev.o)
 .text.archiveMountSdmc
                0x00110eb4      0x1c8 /opt/devkitpro/libctru/lib/libctru.a(archive_dev.o)
                0x00110eb4                archiveMountSdmc
 .text.archiveUnmountAll
                0x0011107c       0x54 /opt/devkitpro/libctru/lib/libctru.a(archive_dev.o)
                0x0011107c                archiveUnmountAll
 .text.sqrtf    0x001110d0       0x50 /opt/devkitpro/devkitARM/lib/gcc/arm-none-eabi/15.2.0/../../../../arm-none-eabi/lib/armv6k/fpu/libm.a(libm_a-wf_sqrt.o)
                0x001110d0                sqrtf
 .text.ceilf    0x00111120       0xc0 /opt/devkitpro/devkitARM/lib/gcc/arm-none-eabi/15.2.0/../../../../arm-none-eabi/lib/armv6k/fpu/libm.a(libm_a-sf_ceil.o)
                0x00111120                ceilf
 .text.__ieee754_sqrtf
                0x001111e0        0x8 /opt/devkitpro/devkitARM/lib/gcc/arm-none-eabi/15.2.0/../../../../arm-none-eabi/lib/armv6k/fpu/libm.a(libm_a-ef_sqrt.o)
                0x001111e0                __ieee754_sqrtf
 .text.strncmp  0x001111e8       0xd8 /opt/devkitpro/devkitARM/lib/gcc/arm-none-eabi/15.2.0/../../../../arm-none-eabi/lib/armv6k/fpu/libg.a(libc_a-strncmp.o)
                0x001111e8                strncmp
 .text.strchr   0x001112c0      0x140 /opt/devkitpro/devkitARM/lib/gcc/arm-none-eabi/15.2.0/../../../../arm-none-eabi/lib/armv6k/fpu/libg.a(libc_a-strchr.o)
                0x001112c0                strchr
 .text.strlen   0x00111400       0x8c /opt/devkitpro/devkitARM/lib/gcc/arm-none-eabi/15.2.0/../../../../arm-none-eabi/lib/armv6k/fpu/libg.a(libc_a-strlen.o)
                0x00111400                strlen
 .text._strtoul_l.isra.0
                0x0011148c      0x1ec /opt/devkitpro/devkitARM/lib/gcc/arm-none-eabi/15.2.0/../../../../arm-none-eabi/lib/armv6k/fpu/libg.a(libc_a-strtoul.o)
 .text.strtoul  0x00111678       0x3c /opt/devkitpro/devkitARM/lib/gcc/arm-none-eabi/15.2.0/../../../../arm-none-eabi/lib/armv6k/fpu/libg.a(libc_a-strtoul.o)
                0x00111678                strtoul
 .text.__libc_init_array
                0x001116b4       0x84 /opt/devkitpro/devkitARM/lib/gcc/arm-none-eabi/15.2.0/../../../../arm-none-eabi/lib/armv6k/fpu/libg.a(libc_a-init.o)
                0x001116b4                __libc_init_array
 .text.strncat  0x00111738       0x9c /opt/devkitpro/devkitARM/lib/gcc/arm-none-eabi/15.2.0/../../../../arm-none-eabi/lib/armv6k/fpu/libg.a(libc_a-strncat.o)
                0x00111738                strncat
 .text.bsearch  0x001117d4       0x78 /opt/devkitpro/devkitARM/lib/gcc/arm-none-eabi/15.2.0/../../../../arm-none-eabi/lib/armv6k/fpu/libg.a(libc_a-bsearch.o)
                0x001117d4                bsearch
 .text.__errno  0x0011184c        0xc /opt/devkitpro/devkitARM/lib/gcc/arm-none-eabi/15.2.0/../../../../arm-none-eabi/lib/armv6k/fpu/libg.a(libc_a-errno.o)
                0x0011184c                __errno
 .text.calloc   0x00111858       0x28 /opt/devkitpro/devkitARM/lib/gcc/arm-none-eabi/15.2.0/../../../../arm-none-eabi/lib/armv6k/fpu/libg.a(libc_a-calloc.o)
                0x00111858                calloc
 .text.qsort    0x00111880      0x8e8 /opt/devkitpro/devkitARM/lib/gcc/arm-none-eabi/15.2.0/../../../../arm-none-eabi/lib/armv6k/fpu/libg.a(libc_a-qsort.o)
                0x00111880                qsort
 .text._calloc_r
                0x00112168       0xd8 /opt/devkitpro/devkitARM/lib/gcc/arm-none-eabi/15.2.0/../../../../arm-none-eabi/lib/armv6k/fpu/libg.a(libc_a-callocr.o)
                0x00112168                _calloc_r
 .text.strdup   0x00112240       0x20 /opt/devkitpro/devkitARM/lib/gcc/arm-none-eabi/15.2.0/../../../../arm-none-eabi/lib/armv6k/fpu/libg.a(libc_a-strdup.o)
                0x00112240                strdup
 .text.memalign
                0x00112260       0x28 /opt/devkitpro/devkitARM/lib/gcc/arm-none-eabi/15.2.0/../../../../arm-none-eabi/lib/armv6k/fpu/libg.a(libc_a-malign.o)
                0x00112260                memalign
 .text._malloc_r
                0x00112288      0x82c /opt/devkitpro/devkitARM/lib/gcc/arm-none-eabi/15.2.0/../../../../arm-none-eabi/lib/armv6k/fpu/libg.a(libc_a-mallocr.o)
                0x00112288                _malloc_r
 .text._malloc_trim_r
                0x00112ab4      0x114 /opt/devkitpro/devkitARM/lib/gcc/arm-none-eabi/15.2.0/../../../../arm-none-eabi/lib/armv6k/fpu/libg.a(libc_a-freer.o)
                0x00112ab4                _malloc_trim_r
 .text._free_r  0x00112bc8      0x314 /opt/devkitpro/devkitARM/lib/gcc/arm-none-eabi/15.2.0/../../../../arm-none-eabi/lib/armv6k/fpu/libg.a(libc_a-freer.o)
                0x00112bc8                _free_r
 .text.strnlen  0x00112edc       0x3c /opt/devkitpro/devkitARM/lib/gcc/arm-none-eabi/15.2.0/../../../../arm-none-eabi/lib/armv6k/fpu/libg.a(libc_a-strnlen.o)
                0x00112edc                strnlen
 .text.malloc   0x00112f18       0x40 /opt/devkitpro/devkitARM/lib/gcc/arm-none-eabi/15.2.0/../../../../arm-none-eabi/lib/armv6k/fpu/libg.a(libc_a-malloc.o)
                0x00112f18                malloc
 .text.free     0x00112f58       0x20 /opt/devkitpro/devkitARM/lib/gcc/arm-none-eabi/15.2.0/../../../../arm-none-eabi/lib/armv6k/fpu/libg.a(libc_a-malloc.o)
                0x00112f58                free
 .text.memset   0x00112f78       0xe4 /opt/devkitpro/devkitARM/lib/gcc/arm-none-eabi/15.2.0/../../../../arm-none-eabi/lib/armv6k/fpu/libg.a(libc_a-memset.o)
                0x00112f78                memset
 .text._strdup_r
                0x0011305c       0x54 /opt/devkitpro/devkitARM/lib/gcc/arm-none-eabi/15.2.0/../../../../arm-none-eabi/lib/armv6k/fpu/libg.a(libc_a-strdup_r.o)
                0x0011305c                _strdup_r
 .text.__malloc_lock
                0x001130b0        0xc /opt/devkitpro/devkitARM/lib/gcc/arm-none-eabi/15.2.0/../../../../arm-none-eabi/lib/armv6k/fpu/libg.a(libc_a-mlock.o)
                0x001130b0                __malloc_lock
 .text.__malloc_unlock
                0x001130bc        0xc /opt/devkitpro/devkitARM/lib/gcc/arm-none-eabi/15.2.0/../../../../arm-none-eabi/lib/armv6k/fpu/libg.a(libc_a-mlock.o)
                0x001130bc                __malloc_unlock
 .text.__call_exitprocs
                0x001130c8        0x4 /opt/devkitpro/devkitARM/lib/gcc/arm-none-eabi/15.2.0/../../../../arm-none-eabi/lib/armv6k/fpu/libg.a(libc_a-exit.o)
                0x001130c8                __call_exitprocs
 .text.exit     0x001130cc       0x30 /opt/devkitpro/devkitARM/lib/gcc/arm-none-eabi/15.2.0/../../../../arm-none-eabi/lib/armv6k/fpu/libg.a(libc_a-exit.o)
                0x001130cc                exit
 .text.strncpy  0x001130fc       0xd4 /opt/devkitpro/devkitARM/lib/gcc/arm-none-eabi/15.2.0/../../../../arm-none-eabi/lib/armv6k/fpu/libg.a(libc_a-strncpy.o)
                0x001130fc                strncpy
 .text.memcpy   0x001131d0      0x12c /opt/devkitpro/devkitARM/lib/gcc/arm-none-eabi/15.2.0/../../../../arm-none-eabi/lib/armv6k/fpu/libg.a(libc_a-memcpy-stub.o)
                0x001131d0                memcpy
 .text._memalign_r
                0x001132fc      0x16c /opt/devkitpro/devkitARM/lib/gcc/arm-none-eabi/15.2.0/../../../../arm-none-eabi/lib/armv6k/fpu/libg.a(libc_a-malignr.o)
                0x001132fc                _memalign_r
 .text.__libc_fini_array
                0x00113468       0x3c /opt/devkitpro/devkitARM/lib/gcc/arm-none-eabi/15.2.0/../../../../arm-none-eabi/lib/armv6k/fpu/libg.a(libc_a-fini.o)
                0x00113468                __libc_fini_array
 .text._exit    0x001134a4       0x20 /opt/devkitpro/devkitARM/lib/gcc/arm-none-eabi/15.2.0/../../../../arm-none-eabi/lib/armv6k/fpu/libsysbase.a(libsysbase_libsysbase_a-_exit.o)
                0x001134a4                _exit
 .text.chdir    0x001134c4      0x140 /opt/devkitpro/devkitARM/lib/gcc/arm-none-eabi/15.2.0/../../../../arm-none-eabi/lib/armv6k/fpu/libsysbase.a(libsysbase_libsysbase_a-chdir.o)
                0x001134c4                chdir
 .text._concatenate_path
                0x00113604      0x1c8 /opt/devkitpro/devkitARM/lib/gcc/arm-none-eabi/15.2.0/../../../../arm-none-eabi/lib/armv6k/fpu/libsysbase.a(libsysbase_libsysbase_a-concatenate.o)
                0x00113604                _concatenate_path
 .text.__getreent
                0x001137cc       0x2c /opt/devkitpro/devkitARM/lib/gcc/arm-none-eabi/15.2.0/../../../../arm-none-eabi/lib/armv6k/fpu/libsysbase.a(libsysbase_libsysbase_a-getreent.o)
                0x001137cc                __getreent
 .text.null_write
                0x001137f8        0x8 /opt/devkitpro/devkitARM/lib/gcc/arm-none-eabi/15.2.0/../../../../arm-none-eabi/lib/armv6k/fpu/libsysbase.a(libsysbase_libsysbase_a-iosupport.o)
 .text.setDefaultDevice
                0x00113800       0x18 /opt/devkitpro/devkitARM/lib/gcc/arm-none-eabi/15.2.0/../../../../arm-none-eabi/lib/armv6k/fpu/libsysbase.a(libsysbase_libsysbase_a-iosupport.o)
                0x00113800                setDefaultDevice
 .text.FindDevice
                0x00113818       0xc4 /opt/devkitpro/devkitARM/lib/gcc/arm-none-eabi/15.2.0/../../../../arm-none-eabi/lib/armv6k/fpu/libsysbase.a(libsysbase_libsysbase_a-iosupport.o)
                0x00113818                FindDevice
 .text.RemoveDevice
                0x001138dc       0x28 /opt/devkitpro/devkitARM/lib/gcc/arm-none-eabi/15.2.0/../../../../arm-none-eabi/lib/armv6k/fpu/libsysbase.a(libsysbase_libsysbase_a-iosupport.o)
                0x001138dc                RemoveDevice
 .text.AddDevice
                0x00113904       0x98 /opt/devkitpro/devkitARM/lib/gcc/arm-none-eabi/15.2.0/../../../../arm-none-eabi/lib/armv6k/fpu/libsysbase.a(libsysbase_libsysbase_a-iosupport.o)
                0x00113904                AddDevice
 .text.GetDeviceOpTab
                0x0011399c       0x20 /opt/devkitpro/devkitARM/lib/gcc/arm-none-eabi/15.2.0/../../../../arm-none-eabi/lib/armv6k/fpu/libsysbase.a(libsysbase_libsysbase_a-iosupport.o)
                0x0011399c                GetDeviceOpTab
 .text._sbrk_r  0x001139bc       0x78 /opt/devkitpro/devkitARM/lib/gcc/arm-none-eabi/15.2.0/../../../../arm-none-eabi/lib/armv6k/fpu/libsysbase.a(libsysbase_libsysbase_a-sbrk.o)
                0x001139bc                _sbrk_r
 .text.__libc_lock_acquire_recursive
                0x00113a34       0x1c /opt/devkitpro/devkitARM/lib/gcc/arm-none-eabi/15.2.0/../../../../arm-none-eabi/lib/armv6k/fpu/libsysbase.a(libsysbase_libsysbase_a-syscall_support.o)
                0x00113a34                __libc_lock_acquire_recursive
 .text.__libc_lock_release_recursive
                0x00113a50       0x1c /opt/devkitpro/devkitARM/lib/gcc/arm-none-eabi/15.2.0/../../../../arm-none-eabi/lib/armv6k/fpu/libsysbase.a(libsysbase_libsysbase_a-syscall_support.o)
                0x00113a50                __libc_lock_release_recursive
 .text.strrchr  0x00113a6c       0x48 /opt/devkitpro/devkitARM/lib/gcc/arm-none-eabi/15.2.0/../../../../arm-none-eabi/lib/armv6k/fpu/libg.a(libc_a-strrchr.o)
                0x00113a6c                strrchr
 *(.glue_7)
 .glue_7        0x00113ab4        0x0 linker stubs
 *(.glue_7t)
 .glue_7t       0x00113ab4        0x0 linker stubs
 *(.stub)
 *(.gnu.warning)
 *(.gnu.linkonce.t*)
                0x00113ab4                        . = ALIGN (0x4)
 *(.fini)
 .fini          0x00113ab4        0xc /opt/devkitpro/devkitARM/lib/gcc/arm-none-eabi/15.2.0/armv6k/fpu/crti.o
                0x00113ab4                _fini
 .fini          0x00113ac0        0xc /opt/devkitpro/devkitARM/lib/gcc/arm-none-eabi/15.2.0/armv6k/fpu/crtn.o
                0x00113acc                        . = ALIGN (0x4)

.vfp11_veneer   0x00113acc        0x0
 .vfp11_veneer  0x00113acc        0x0 linker stubs

.v4_bx          0x00113acc        0x0
 .v4_bx         0x00113acc        0x0 linker stubs

.iplt           0x00113acc        0x0
 .iplt          0x00113acc        0x0 /opt/devkitpro/devkitARM/lib/gcc/arm-none-eabi/15.2.0/../../../../arm-none-eabi/lib/armv6k/fpu/3dsx_crt0.o
                0x00114000                        . = ALIGN (0x1000)

.rodata         0x00114000      0x9c4
 *(.rodata)
 .rodata        0x00114000      0x430 main.o
 .rodata        0x00114430        0xc /opt/devkitpro/libctru/lib/libctru.a(archive_dev.o)
 *(.roda)
 *(.rodata.*)
 .rodata.str1.4
                0x0011443c      0x158 main.o
                                 0xbc (size before relaxing)
 .rodata.C2D_Init.str1.4
                0x00114594        0x0 /opt/devkitpro/libctru/lib/libcitro2d.a(base.o)
                                 0x10 (size before relaxing)
 .rodata.render2d_shbin
                0x00114594      0x190 /opt/devkitpro/libctru/lib/libcitro2d.a(render2d.shbin.o)
                0x00114594                render2d_shbin
                0x00114720                render2d_shbin_size
                0x00114720                render2d_shbin_end
 .rodata.depthFmtSizes
                0x00114724        0x4 /opt/devkitpro/libctru/lib/libcitro3d.a(framebuffer.o)
 .rodata.colorFmtSizes
                0x00114728        0x5 /opt/devkitpro/libctru/lib/libcitro3d.a(framebuffer.o)
 *fill*         0x0011472d        0x3 
 .rodata.CSWTCH.11
                0x00114730       0x10 /opt/devkitpro/libctru/lib/libcitro3d.a(proctex.o)
 .rodata.DVLE_GenerateOutmap.part.0
                0x00114740        0x9 /opt/devkitpro/libctru/lib/libctru.a(shbin.o)
 .rodata.aptEventHandler
                0x00114749        0xb /opt/devkitpro/libctru/lib/libctru.a(apt.o)
 .rodata.aptWaitForWakeUp.isra.0
                0x00114754       0x11 /opt/devkitpro/libctru/lib/libctru.a(apt.o)
 *fill*         0x00114765        0x3 
 .rodata.morton_y.2
                0x00114768        0x8 /opt/devkitpro/libctru/lib/libctru.a(apt.o)
 .rodata.morton_x.3
                0x00114770        0x8 /opt/devkitpro/libctru/lib/libctru.a(apt.o)
 .rodata.s_sleepWakeEvents.4
                0x00114778        0x8 /opt/devkitpro/libctru/lib/libctru.a(apt.o)
 .rodata.str1.4
                0x00114780        0x0 /opt/devkitpro/libctru/lib/libctru.a(apt.o)
                                 0x16 (size before relaxing)
 .rodata.serviceNameTable.5
                0x00114780        0xc /opt/devkitpro/libctru/lib/libctru.a(apt.o)
 .rodata.fsInit.str1.4
                0x0011478c        0x0 /opt/devkitpro/libctru/lib/libctru.a(fs.o)
                                  0x8 (size before relaxing)
 .rodata.gspInit.str1.4
                0x0011478c        0x0 /opt/devkitpro/libctru/lib/libctru.a(gspgpu.o)
                                  0x9 (size before relaxing)
 .rodata.hidInit.str1.4
                0x0011478c        0x0 /opt/devkitpro/libctru/lib/libctru.a(hid.o)
                                 0x15 (size before relaxing)
 .rodata.irrstInit.str1.4
                0x0011478c        0x0 /opt/devkitpro/libctru/lib/libctru.a(irrst.o)
                                  0x7 (size before relaxing)
 .rodata.ptmSysmInit.str1.4
                0x0011478c        0x0 /opt/devkitpro/libctru/lib/libctru.a(ptmsysm.o)
                                  0x9 (size before relaxing)
 .rodata.__system_initArgv.str1.4
                0x0011478c        0x0 /opt/devkitpro/libctru/lib/libctru.a(initArgv.o)
                                  0xa (size before relaxing)
 .rodata.srvInit.str1.4
                0x0011478c        0x0 /opt/devkitpro/libctru/lib/libctru.a(srv.o)
                                  0x5 (size before relaxing)
 .rodata.archive_utf16path.str1.4
                0x0011478c        0x0 /opt/devkitpro/libctru/lib/libctru.a(archive_dev.o)
                                  0x2 (size before relaxing)
 .rodata._archiveUnmountDeviceStruct.part.0.str1.4
                0x0011478c        0x0 /opt/devkitpro/libctru/lib/libctru.a(archive_dev.o)
                                  0x2 (size before relaxing)
 .rodata._archiveMountDevice.str1.4
                0x0011478c        0x0 /opt/devkitpro/libctru/lib/libctru.a(archive_dev.o)
                                  0xc (size before relaxing)
 .rodata.archiveMountSdmc.str1.4
                0x0011478c        0x0 /opt/devkitpro/libctru/lib/libctru.a(archive_dev.o)
                                  0x5 (size before relaxing)
 .rodata.error_table
                0x0011478c       0x30 /opt/devkitpro/libctru/lib/libctru.a(archive_dev.o)
 .rodata.str1.4
                0x001147bc        0x0 /opt/devkitpro/libctru/lib/libctru.a(archive_dev.o)
                                  0x8 (size before relaxing)
 .rodata.archive_devoptab
                0x001147bc       0x80 /opt/devkitpro/libctru/lib/libctru.a(archive_dev.o)
 .rodata._ctype_
                0x0011483c      0x101 /opt/devkitpro/devkitARM/lib/gcc/arm-none-eabi/15.2.0/../../../../arm-none-eabi/lib/armv6k/fpu/libg.a(libc_a-ctype_.o)
                0x0011483c                _ctype_
 .rodata.AddDevice.str1.4
                0x0011493d        0x0 /opt/devkitpro/devkitARM/lib/gcc/arm-none-eabi/15.2.0/../../../../arm-none-eabi/lib/armv6k/fpu/libsysbase.a(libsysbase_libsysbase_a-iosupport.o)
                                  0x8 (size before relaxing)
 *fill*         0x0011493d        0x3 
 .rodata.dotab_stdnull
                0x00114940       0x80 /opt/devkitpro/devkitARM/lib/gcc/arm-none-eabi/15.2.0/../../../../arm-none-eabi/lib/armv6k/fpu/libsysbase.a(libsysbase_libsysbase_a-iosupport.o)
                0x00114940                dotab_stdnull
 *all.rodata*(*)
 *(.gnu.linkonce.r*)
                0x001149c0                        . = ALIGN (0x4)
                0x001149c0                        __tdata_align = .
                0x001149c0        0x4 LONG 0x4 ALIGNOF (.tdata)
                0x001149c4                        . = ALIGN (0x4)

.eh_frame       0x001149c4        0x0
 .eh_frame      0x001149c4        0x0 /opt/devkitpro/devkitARM/lib/gcc/arm-none-eabi/15.2.0/armv6k/fpu/crtbegin.o

.rel.dyn        0x001149c4        0x0
 .rel.iplt      0x001149c4        0x0 /opt/devkitpro/devkitARM/lib/gcc/arm-none-eabi/15.2.0/../../../../arm-none-eabi/lib/armv6k/fpu/3dsx_crt0.o
 .rel.got       0x001149c4        0x0 /opt/devkitpro/devkitARM/lib/gcc/arm-none-eabi/15.2.0/../../../../arm-none-eabi/lib/armv6k/fpu/3dsx_crt0.o

.ARM.extab
 *(.ARM.extab* .gnu.linkonce.armextab.*)
                0x001149c4                        __exidx_start = .

.ARM.exidx
 *(.ARM.exidx* .gnu.linkonce.armexidx.*)
                0x001149c4                        __exidx_end = .
                0x00115000                        . = ALIGN (0x1000)

.data           0x00115000      0xa10
 *(.data)
 *(.data.*)
 .data.framerateCounter
                0x00115000        0x8 /opt/devkitpro/libctru/lib/libcitro3d.a(renderqueue.o)
 .data.framerate
                0x00115008        0x4 /opt/devkitpro/libctru/lib/libcitro3d.a(renderqueue.o)
 .data.queueLock
                0x0011500c        0x4 /opt/devkitpro/libctru/lib/libctru.a(gxqueue.o)
 .data.aptChainloadDeliverArgSize
                0x00115010        0x4 /opt/devkitpro/libctru/lib/libctru.a(apt.o)
 .data.kCount   0x00115014        0x4 /opt/devkitpro/libctru/lib/libctru.a(hid.o)
 .data.kInterval
                0x00115018        0x4 /opt/devkitpro/libctru/lib/libctru.a(hid.o)
 .data.kDelay   0x0011501c        0x4 /opt/devkitpro/libctru/lib/libctru.a(hid.o)
 .data.__stacksize__
                0x00115020        0x4 /opt/devkitpro/libctru/lib/libctru.a(stack_adjust.o)
                0x00115020                __stacksize__
 .data.__malloc_sbrk_base
                0x00115024        0x4 /opt/devkitpro/devkitARM/lib/gcc/arm-none-eabi/15.2.0/../../../../arm-none-eabi/lib/armv6k/fpu/libg.a(libc_a-mallocr.o)
                0x00115024                __malloc_sbrk_base
 .data.__malloc_trim_threshold
                0x00115028        0x4 /opt/devkitpro/devkitARM/lib/gcc/arm-none-eabi/15.2.0/../../../../arm-none-eabi/lib/armv6k/fpu/libg.a(libc_a-mallocr.o)
                0x00115028                __malloc_trim_threshold
 *fill*         0x0011502c        0x4 
 .data.__malloc_av_
                0x00115030      0x408 /opt/devkitpro/devkitARM/lib/gcc/arm-none-eabi/15.2.0/../../../../arm-none-eabi/lib/armv6k/fpu/libg.a(libc_a-mallocr.o)
                0x00115030                __malloc_av_
 .data._impure_ptr
                0x00115438        0x4 /opt/devkitpro/devkitARM/lib/gcc/arm-none-eabi/15.2.0/../../../../arm-none-eabi/lib/armv6k/fpu/libg.a(libc_a-impure.o)
                0x00115438                _impure_ptr
 *fill*         0x0011543c        0x4 
 .data._impure_data
                0x00115440      0x140 /opt/devkitpro/devkitARM/lib/gcc/arm-none-eabi/15.2.0/../../../../arm-none-eabi/lib/armv6k/fpu/libg.a(libc_a-impure.o)
                0x00115440                _impure_data
 .data._current_working_directory
                0x00115580      0x400 /opt/devkitpro/devkitARM/lib/gcc/arm-none-eabi/15.2.0/../../../../arm-none-eabi/lib/armv6k/fpu/libsysbase.a(libsysbase_libsysbase_a-chdir.o)
 .data.devoptab_list
                0x00115980       0x8c /opt/devkitpro/devkitARM/lib/gcc/arm-none-eabi/15.2.0/../../../../arm-none-eabi/lib/armv6k/fpu/libsysbase.a(libsysbase_libsysbase_a-iosupport.o)
                0x00115980                devoptab_list
 .data.defaultDevice
                0x00115a0c        0x4 /opt/devkitpro/devkitARM/lib/gcc/arm-none-eabi/15.2.0/../../../../arm-none-eabi/lib/armv6k/fpu/libsysbase.a(libsysbase_libsysbase_a-iosupport.o)
 *(.gnu.linkonce.d*)
                0x00115a10                        . = ALIGN (0x4)

.igot.plt       0x00115a10        0x0
 .igot.plt      0x00115a10        0x0 /opt/devkitpro/devkitARM/lib/gcc/arm-none-eabi/15.2.0/../../../../arm-none-eabi/lib/armv6k/fpu/3dsx_crt0.o

.got            0x00115a10        0x8
 .got           0x00115a10        0x8 /opt/devkitpro/devkitARM/lib/gcc/arm-none-eabi/15.2.0/../../../../arm-none-eabi/lib/armv6k/fpu/3dsx_crt0.o

.got.plt        0x00115a18        0xc
 .got.plt       0x00115a18        0xc /opt/devkitpro/devkitARM/lib/gcc/arm-none-eabi/15.2.0/../../../../arm-none-eabi/lib/armv6k/fpu/3dsx_crt0.o
                0x00115a18                _GLOBAL_OFFSET_TABLE_

.tdata          0x00115a24        0x0
                0x00115a24                        __tdata_lma = .
 *(.tdata)
 *(.tdata.*)
 *(.gnu.linkonce.td.*)
                0x00115a24                        . = ALIGN (0x4)
                0x00115a24                        __tdata_lma_end = .

.tbss           0x00115a24      0xc08
 *(.tbss)
 *(.tbss.*)
 .tbss.__ctru_dev_utf16_buf
                0x00115a24      0x802 /opt/devkitpro/libctru/lib/libctru.a(path_buf.o)
                0x00115a24                __ctru_dev_utf16_buf
 *fill*         0x00116226        0x2 
 .tbss.__ctru_dev_path_buf
                0x00116228      0x401 /opt/devkitpro/libctru/lib/libctru.a(path_buf.o)
                0x00116228                __ctru_dev_path_buf
 *(.gnu.linkonce.tb.*)
 *(.tcommon)
                0x0011662c                        . = ALIGN (0x4)
 *fill*         0x00116629        0x3 

.preinit_array  0x00115a24        0x0
                0x00115a24                        PROVIDE (__preinit_array_start = .)
 *(.preinit_array)
                0x00115a24                        PROVIDE (__preinit_array_end = .)

.init_array     0x00115a24        0x4
                0x00115a24                        PROVIDE (__init_array_start = .)
 *(SORT_BY_NAME(.init_array.*))
 *(.init_array)
 .init_array    0x00115a24        0x4 /opt/devkitpro/devkitARM/lib/gcc/arm-none-eabi/15.2.0/armv6k/fpu/crtbegin.o
                0x00115a28                        PROVIDE (__init_array_end = .)

.fini_array     0x00115a28        0x4
                0x00115a28                        PROVIDE (__fini_array_start = .)
 *(.fini_array)
 .fini_array    0x00115a28        0x4 /opt/devkitpro/devkitARM/lib/gcc/arm-none-eabi/15.2.0/armv6k/fpu/crtbegin.o
 *(SORT_BY_NAME(.fini_array.*))
                0x00115a2c                        PROVIDE (__fini_array_end = .)

.ctors
 *crtbegin.o(.ctors)
 *(EXCLUDE_FILE(*crtend.o) .ctors)
 *(SORT_BY_NAME(.ctors.*))
 *(.ctors)

.dtors
 *crtbegin.o(.dtors)
 *(EXCLUDE_FILE(*crtend.o) .dtors)
 *(SORT_BY_NAME(.dtors.*))
 *(.dtors)
                0x00115a2c                        __bss_start__ = .

.bss            0x00115a2c     0x5f74
 *(.dynbss)
 *(.bss)
 .bss           0x00115a2c     0x1aba main.o
                0x00115a2c                lines
                0x0011606c                tmpLine
                0x00116080                lastLineIndex
                0x001174e0                algo
                0x001174e4                commandsValid
 *(.bss.*)
 .bss.completed.1
                0x001174e6        0x1 /opt/devkitpro/devkitARM/lib/gcc/arm-none-eabi/15.2.0/armv6k/fpu/crtbegin.o
 *fill*         0x001174e7        0x1 
 .bss.object.0  0x001174e8       0x18 /opt/devkitpro/devkitARM/lib/gcc/arm-none-eabi/15.2.0/armv6k/fpu/crtbegin.o
 .bss.__C2Di_Context
                0x00117500      0x5a8 /opt/devkitpro/libctru/lib/libcitro2d.a(base.o)
                0x00117500                __C2Di_Context
 .bss.s_projBot
                0x00117aa8       0x40 /opt/devkitpro/libctru/lib/libcitro2d.a(base.o)
 .bss.s_projTop
                0x00117ae8       0x40 /opt/devkitpro/libctru/lib/libcitro2d.a(base.o)
 .bss.uLoc_mdlvMtx
                0x00117b28        0x4 /opt/devkitpro/libctru/lib/libcitro2d.a(base.o)
 .bss.uLoc_projMtx
                0x00117b2c        0x4 /opt/devkitpro/libctru/lib/libcitro2d.a(base.o)
 .bss.s_glyphSheets
                0x00117b30        0x4 /opt/devkitpro/libctru/lib/libcitro2d.a(text.o)
 .bss.s_textScale
                0x00117b34        0x4 /opt/devkitpro/libctru/lib/libcitro2d.a(text.o)
 .bss.hookCookie
                0x00117b38        0xc /opt/devkitpro/libctru/lib/libcitro3d.a(base.o)
 *fill*         0x00117b44        0x4 
 .bss.__C3D_Context
                0x00117b48      0x2d0 /opt/devkitpro/libctru/lib/libcitro3d.a(base.o)
                0x00117b48                __C3D_Context
 .bss.frameEndCbData
                0x00117e18        0x4 /opt/devkitpro/libctru/lib/libcitro3d.a(renderqueue.o)
 .bss.frameEndCb
                0x00117e1c        0x4 /opt/devkitpro/libctru/lib/libcitro3d.a(renderqueue.o)
 .bss.frameCounter
                0x00117e20        0x8 /opt/devkitpro/libctru/lib/libcitro3d.a(renderqueue.o)
 .bss.isTopStereo
                0x00117e28        0x1 /opt/devkitpro/libctru/lib/libcitro3d.a(renderqueue.o)
 .bss.needSwapBot
                0x00117e29        0x1 /opt/devkitpro/libctru/lib/libcitro3d.a(renderqueue.o)
 .bss.needSwapTop
                0x00117e2a        0x1 /opt/devkitpro/libctru/lib/libcitro3d.a(renderqueue.o)
 .bss.measureGpuTime
                0x00117e2b        0x1 /opt/devkitpro/libctru/lib/libcitro3d.a(renderqueue.o)
 .bss.inSafeTransfer
                0x00117e2c        0x1 /opt/devkitpro/libctru/lib/libcitro3d.a(renderqueue.o)
 .bss.inFrame   0x00117e2d        0x1 /opt/devkitpro/libctru/lib/libcitro3d.a(renderqueue.o)
 *fill*         0x00117e2e        0x2 
 .bss.cpuTime   0x00117e30       0x10 /opt/devkitpro/libctru/lib/libcitro3d.a(renderqueue.o)
 .bss.gpuTime   0x00117e40       0x10 /opt/devkitpro/libctru/lib/libcitro3d.a(renderqueue.o)
 .bss.linkedTarget
                0x00117e50        0xc /opt/devkitpro/libctru/lib/libcitro3d.a(renderqueue.o)
 .bss.lastTarget
                0x00117e5c        0x4 /opt/devkitpro/libctru/lib/libcitro3d.a(renderqueue.o)
 .bss.firstTarget
                0x00117e60        0x4 /opt/devkitpro/libctru/lib/libcitro3d.a(renderqueue.o)
 .bss.C3Di_IVUnifEverDirty
                0x00117e64        0x8 /opt/devkitpro/libctru/lib/libcitro3d.a(uniforms.o)
 .bss.C3Di_FVUnifEverDirty
                0x00117e6c       0xc0 /opt/devkitpro/libctru/lib/libcitro3d.a(uniforms.o)
 .bss.C3Di_ShaderFVecData
                0x00117f2c       0x18 /opt/devkitpro/libctru/lib/libcitro3d.a(uniforms.o)
 .bss.C3D_BoolUnifsDirty
                0x00117f44        0x2 /opt/devkitpro/libctru/lib/libcitro3d.a(uniforms.o)
                0x00117f44                C3D_BoolUnifsDirty
 *fill*         0x00117f46        0x2 
 .bss.C3D_IVUnifDirty
                0x00117f48        0x8 /opt/devkitpro/libctru/lib/libcitro3d.a(uniforms.o)
                0x00117f48                C3D_IVUnifDirty
 .bss.C3D_FVUnifDirty
                0x00117f50       0xc0 /opt/devkitpro/libctru/lib/libcitro3d.a(uniforms.o)
                0x00117f50                C3D_FVUnifDirty
 .bss.C3D_BoolUnifs
                0x00118010        0x4 /opt/devkitpro/libctru/lib/libcitro3d.a(uniforms.o)
                0x00118010                C3D_BoolUnifs
 .bss.C3D_IVUnif
                0x00118014       0x20 /opt/devkitpro/libctru/lib/libcitro3d.a(uniforms.o)
                0x00118014                C3D_IVUnif
 .bss.C3D_FVUnif
                0x00118034      0xc00 /opt/devkitpro/libctru/lib/libcitro3d.a(uniforms.o)
                0x00118034                C3D_FVUnif
 *fill*         0x00118c34        0x4 
 .bss._ZL11sLinearPool
                0x00118c38        0x8 /opt/devkitpro/libctru/lib/libctru.a(linear.o)
 .bss._ZL8sAddrMap
                0x00118c40        0xc /opt/devkitpro/libctru/lib/libctru.a(linear.o)
 *fill*         0x00118c4c        0x4 
 .bss._ZL10sVramPoolB
                0x00118c50        0x8 /opt/devkitpro/libctru/lib/libctru.a(vram.o)
 .bss._ZL10sVramPoolA
                0x00118c58        0x8 /opt/devkitpro/libctru/lib/libctru.a(vram.o)
 .bss._ZL8sAddrMap
                0x00118c60        0xc /opt/devkitpro/libctru/lib/libctru.a(vram.o)
 .bss.sharedFontAddr
                0x00118c6c        0x4 /opt/devkitpro/libctru/lib/libctru.a(font.o)
 .bss.g_sharedFont
                0x00118c70        0x4 /opt/devkitpro/libctru/lib/libctru.a(font.o)
                0x00118c70                g_sharedFont
 .bss.screenAlloc
                0x00118c74        0x4 /opt/devkitpro/libctru/lib/libctru.a(gfx.o)
 .bss.screenFree
                0x00118c78        0x4 /opt/devkitpro/libctru/lib/libctru.a(gfx.o)
 .bss.gfxIsDoubleBuf
                0x00118c7c        0x2 /opt/devkitpro/libctru/lib/libctru.a(gfx.o)
 *fill*         0x00118c7e        0x2 
 .bss.gfxCurBuf
                0x00118c80        0x2 /opt/devkitpro/libctru/lib/libctru.a(gfx.o)
 .bss.gfxIsVram
                0x00118c82        0x1 /opt/devkitpro/libctru/lib/libctru.a(gfx.o)
 .bss.gfxTopMode
                0x00118c83        0x1 /opt/devkitpro/libctru/lib/libctru.a(gfx.o)
 .bss.gfxFramebufferFormats
                0x00118c84        0x2 /opt/devkitpro/libctru/lib/libctru.a(gfx.o)
 *fill*         0x00118c86        0x2 
 .bss.gfxBottomFramebufferMaxSize
                0x00118c88        0x4 /opt/devkitpro/libctru/lib/libctru.a(gfx.o)
 .bss.gfxTopFramebufferMaxSize
                0x00118c8c        0x4 /opt/devkitpro/libctru/lib/libctru.a(gfx.o)
 .bss.gfxBottomFramebuffers
                0x00118c90        0x8 /opt/devkitpro/libctru/lib/libctru.a(gfx.o)
 .bss.gfxTopFramebuffers
                0x00118c98        0x8 /opt/devkitpro/libctru/lib/libctru.a(gfx.o)
 .bss.__ctru_speedup
                0x00118ca0        0x1 /opt/devkitpro/libctru/lib/libctru.a(os.o)
                0x00118ca0                __ctru_speedup
 *fill*         0x00118ca1        0x3 
 .bss.gpuCmdBufOffset
                0x00118ca4        0x4 /opt/devkitpro/libctru/lib/libctru.a(gpu.o)
                0x00118ca4                gpuCmdBufOffset
 .bss.gpuCmdBufSize
                0x00118ca8        0x4 /opt/devkitpro/libctru/lib/libctru.a(gpu.o)
                0x00118ca8                gpuCmdBufSize
 .bss.gpuCmdBuf
                0x00118cac        0x4 /opt/devkitpro/libctru/lib/libctru.a(gpu.o)
                0x00118cac                gpuCmdBuf
 .bss.boundQueue
                0x00118cb0        0x4 /opt/devkitpro/libctru/lib/libctru.a(gx.o)
 .bss.shouldStop
                0x00118cb4        0x1 /opt/devkitpro/libctru/lib/libctru.a(gxqueue.o)
 .bss.isRunning
                0x00118cb5        0x1 /opt/devkitpro/libctru/lib/libctru.a(gxqueue.o)
 .bss.isActive  0x00118cb6        0x1 /opt/devkitpro/libctru/lib/libctru.a(gxqueue.o)
 *fill*         0x00118cb7        0x1 
 .bss.curQueue  0x00118cb8        0x4 /opt/devkitpro/libctru/lib/libctru.a(gxqueue.o)
 .bss.flagValue.0
                0x00118cbc        0x1 /opt/devkitpro/libctru/lib/libctru.a(apt.o)
 .bss.flagInit.1
                0x00118cbd        0x1 /opt/devkitpro/libctru/lib/libctru.a(apt.o)
 *fill*         0x00118cbe        0x2 
 .bss.serviceName.6
                0x00118cc0        0x4 /opt/devkitpro/libctru/lib/libctru.a(apt.o)
 .bss.aptChainloadFlags
                0x00118cc4        0x1 /opt/devkitpro/libctru/lib/libctru.a(apt.o)
 .bss.aptChainloadMediatype
                0x00118cc5        0x1 /opt/devkitpro/libctru/lib/libctru.a(apt.o)
 *fill*         0x00118cc6        0x2 
 .bss.aptChainloadHmac
                0x00118cc8       0x20 /opt/devkitpro/libctru/lib/libctru.a(apt.o)
 .bss.aptChainloadDeliverArg
                0x00118ce8      0x300 /opt/devkitpro/libctru/lib/libctru.a(apt.o)
 .bss.aptChainloadTid
                0x00118fe8        0x8 /opt/devkitpro/libctru/lib/libctru.a(apt.o)
 .bss.aptParameters
                0x00118ff0     0x1000 /opt/devkitpro/libctru/lib/libctru.a(apt.o)
 .bss.aptFlags  0x00119ff0        0x4 /opt/devkitpro/libctru/lib/libctru.a(apt.o)
 .bss.aptHomeButtonState
                0x00119ff4        0x1 /opt/devkitpro/libctru/lib/libctru.a(apt.o)
 *fill*         0x00119ff5        0x3 
 .bss.aptMessageFuncData
                0x00119ff8        0x4 /opt/devkitpro/libctru/lib/libctru.a(apt.o)
 .bss.aptMessageFunc
                0x00119ffc        0x4 /opt/devkitpro/libctru/lib/libctru.a(apt.o)
 .bss.aptFirstHook
                0x0011a000        0xc /opt/devkitpro/libctru/lib/libctru.a(apt.o)
 .bss.aptEventHandlerThreadQuit
                0x0011a00c        0x1 /opt/devkitpro/libctru/lib/libctru.a(apt.o)
 *fill*         0x0011a00d        0x3 
 .bss.aptEventHandlerThread
                0x0011a010        0x4 /opt/devkitpro/libctru/lib/libctru.a(apt.o)
 .bss.aptSleepEvent
                0x0011a014        0x8 /opt/devkitpro/libctru/lib/libctru.a(apt.o)
 .bss.aptReceiveEvent
                0x0011a01c        0x8 /opt/devkitpro/libctru/lib/libctru.a(apt.o)
 .bss.aptEvents
                0x0011a024        0x8 /opt/devkitpro/libctru/lib/libctru.a(apt.o)
 .bss.aptLockHandle
                0x0011a02c        0x4 /opt/devkitpro/libctru/lib/libctru.a(apt.o)
 .bss.aptRefCount
                0x0011a030        0x4 /opt/devkitpro/libctru/lib/libctru.a(apt.o)
 *fill*         0x0011a034        0x4 
 .bss.fsExemptArchives
                0x0011a038       0x80 /opt/devkitpro/libctru/lib/libctru.a(fs.o)
 .bss.fsuRefCount
                0x0011a0b8        0x4 /opt/devkitpro/libctru/lib/libctru.a(fs.o)
 .bss.fsuHandle
                0x0011a0bc        0x4 /opt/devkitpro/libctru/lib/libctru.a(fs.o)
 .bss.gspEventCbOneShot
                0x0011a0c0        0x7 /opt/devkitpro/libctru/lib/libctru.a(gspgpu.o)
 *fill*         0x0011a0c7        0x1 
 .bss.gspEventCbData
                0x0011a0c8       0x1c /opt/devkitpro/libctru/lib/libctru.a(gspgpu.o)
 .bss.gspEventCb
                0x0011a0e4       0x1c /opt/devkitpro/libctru/lib/libctru.a(gspgpu.o)
 .bss.gspEvents
                0x0011a100       0x38 /opt/devkitpro/libctru/lib/libctru.a(gspgpu.o)
 .bss.gspLastEvent
                0x0011a138        0x4 /opt/devkitpro/libctru/lib/libctru.a(gspgpu.o)
 .bss.gspRunEvents
                0x0011a13c        0x1 /opt/devkitpro/libctru/lib/libctru.a(gspgpu.o)
 *fill*         0x0011a13d        0x3 
 .bss.gspEventThread
                0x0011a140        0x4 /opt/devkitpro/libctru/lib/libctru.a(gspgpu.o)
 .bss.gspEvent  0x0011a144        0x4 /opt/devkitpro/libctru/lib/libctru.a(gspgpu.o)
 .bss.gspGpuRight
                0x0011a148        0x1 /opt/devkitpro/libctru/lib/libctru.a(gspgpu.o)
 .bss.gspThreadId
                0x0011a149        0x1 /opt/devkitpro/libctru/lib/libctru.a(gspgpu.o)
 *fill*         0x0011a14a        0x2 
 .bss.gspSharedMem
                0x0011a14c        0x4 /opt/devkitpro/libctru/lib/libctru.a(gspgpu.o)
 .bss.gspSharedMemHandle
                0x0011a150        0x4 /opt/devkitpro/libctru/lib/libctru.a(gspgpu.o)
 .bss.gspRefCount
                0x0011a154        0x4 /opt/devkitpro/libctru/lib/libctru.a(gspgpu.o)